Component: ARM Compiler 5.06 update 6 (build 750) Tool: armlink [4d35ed]

==============================================================================

Section Cross References

    gpio.o(i.GPIOx_PinAF) refers to main.o(i.assert_failed) for assert_failed
    interrupt.o(i.EXTI0_IRQHandler) refers to interrupt.o(.bss) for EXTI_callback
    interrupt.o(i.EXTI15_10_IRQHandler) refers to interrupt.o(.bss) for EXTI_callback
    interrupt.o(i.EXTI1_IRQHandler) refers to interrupt.o(.bss) for EXTI_callback
    interrupt.o(i.EXTI2_IRQHandler) refers to interrupt.o(.bss) for EXTI_callback
    interrupt.o(i.EXTI3_IRQHandler) refers to interrupt.o(.bss) for EXTI_callback
    interrupt.o(i.EXTI4_IRQHandler) refers to interrupt.o(.bss) for EXTI_callback
    interrupt.o(i.EXTI9_5_IRQHandler) refers to interrupt.o(.bss) for EXTI_callback
    interrupt.o(i.EXTI_Interrupt_Init) refers to _printf_percent.o(.ARM.Collect$$_printf_percent$$00000000) for _printf_percent
    interrupt.o(i.EXTI_Interrupt_Init) refers to _printf_d.o(.ARM.Collect$$_printf_percent$$00000009) for _printf_d
    interrupt.o(i.EXTI_Interrupt_Init) refers to _printf_s.o(.ARM.Collect$$_printf_percent$$00000014) for _printf_s
    interrupt.o(i.EXTI_Interrupt_Init) refers to _printf_dec.o(.text) for _printf_int_dec
    interrupt.o(i.EXTI_Interrupt_Init) refers to _printf_str.o(.text) for _printf_str
    interrupt.o(i.EXTI_Interrupt_Init) refers to main.o(i.assert_failed) for assert_failed
    interrupt.o(i.EXTI_Interrupt_Init) refers to noretval__2printf.o(.text) for __2printf
    interrupt.o(i.EXTI_Interrupt_Init) refers to interrupt.o(i.__NVIC_SetPriority) for __NVIC_SetPriority
    interrupt.o(i.EXTI_Interrupt_Init) refers to interrupt.o(i.__NVIC_ClearPendingIRQ) for __NVIC_ClearPendingIRQ
    interrupt.o(i.EXTI_Interrupt_Init) refers to interrupt.o(i.__NVIC_EnableIRQ) for __NVIC_EnableIRQ
    interrupt.o(i.EXTI_Interrupt_Init) refers to interrupt.o(.bss) for EXTI_callback
    main.o(i.CAN1_RX0_IRQHandler) refers to stm32f4xx_hal_can.o(i.HAL_CAN_IRQHandler) for HAL_CAN_IRQHandler
    main.o(i.CAN1_RX0_IRQHandler) refers to main.o(.bss) for CanHandle
    main.o(i.CAN_Config) refers to gpio.o(i.GPIOx_Pin_Configure) for GPIOx_Pin_Configure
    main.o(i.CAN_Config) refers to gpio.o(i.GPIOx_PinAF) for GPIOx_PinAF
    main.o(i.CAN_Config) refers to stm32f4xx_hal_can.o(i.HAL_CAN_Init) for HAL_CAN_Init
    main.o(i.CAN_Config) refers to main.o(i.Error_Handler) for Error_Handler
    main.o(i.CAN_Config) refers to stm32f4xx_hal_can.o(i.HAL_CAN_ConfigFilter) for HAL_CAN_ConfigFilter
    main.o(i.CAN_Config) refers to main.o(i.CAN_ConfigureCallBackFct) for CAN_ConfigureCallBackFct
    main.o(i.CAN_Config) refers to stm32f4xx_hal_can.o(i.HAL_CAN_Start) for HAL_CAN_Start
    main.o(i.CAN_Config) refers to stm32f4xx_hal_can.o(i.HAL_CAN_ActivateNotification) for HAL_CAN_ActivateNotification
    main.o(i.CAN_Config) refers to main.o(.bss) for CanHandle
    main.o(i.CAN_Config) refers to main.o(.data) for TxData
    main.o(i.CAN_ConfigureCallBackFct) refers to stm32f4xx_hal_can.o(i.HAL_CAN_RegisterCallback) for HAL_CAN_RegisterCallback
    main.o(i.CAN_ConfigureCallBackFct) refers to main.o(i.IRQ_CAN_RxFifo0MsgPendingCallback) for IRQ_CAN_RxFifo0MsgPendingCallback
    main.o(i.CAN_ConfigureCallBackFct) refers to main.o(i.assert_print) for assert_print
    main.o(i.CAN_ConfigureCallBackFct) refers to main.o(i.IRQ_CAN_RxFifo1MsgPendingCallback) for IRQ_CAN_RxFifo1MsgPendingCallback
    main.o(i.CAN_ConfigureCallBackFct) refers to main.o(i.print_info) for print_info
    main.o(i.CAN_ConfigureCallBackFct) refers to main.o(i.print_info_WAKEUP_FROM_RX_MSG) for print_info_WAKEUP_FROM_RX_MSG
    main.o(i.Error_Handler) refers to noretval__2printf.o(.text) for __2printf
    main.o(i.IRQ_CAN_RxFifo0MsgPendingCallback) refers to stm32f4xx_hal_can.o(i.HAL_CAN_GetRxMessage) for HAL_CAN_GetRxMessage
    main.o(i.IRQ_CAN_RxFifo0MsgPendingCallback) refers to main.o(i.Error_Handler) for Error_Handler
    main.o(i.IRQ_CAN_RxFifo0MsgPendingCallback) refers to main.o(.data) for RxData
    main.o(i.IRQ_CAN_RxFifo0MsgPendingCallback) refers to main.o(.bss) for RxHeader
    main.o(i.IRQ_CAN_RxFifo1MsgPendingCallback) refers to stm32f4xx_hal_can.o(i.HAL_CAN_GetRxMessage) for HAL_CAN_GetRxMessage
    main.o(i.IRQ_CAN_RxFifo1MsgPendingCallback) refers to main.o(i.Error_Handler) for Error_Handler
    main.o(i.IRQ_CAN_RxFifo1MsgPendingCallback) refers to main.o(.data) for RxData
    main.o(i.IRQ_CAN_RxFifo1MsgPendingCallback) refers to main.o(.bss) for RxHeader
    main.o(i.assert_failed) refers to _printf_percent.o(.ARM.Collect$$_printf_percent$$00000000) for _printf_percent
    main.o(i.assert_failed) refers to _printf_d.o(.ARM.Collect$$_printf_percent$$00000009) for _printf_d
    main.o(i.assert_failed) refers to _printf_s.o(.ARM.Collect$$_printf_percent$$00000014) for _printf_s
    main.o(i.assert_failed) refers to _printf_dec.o(.text) for _printf_int_dec
[...]
    ../clib/signal.c                         0x00000000   Number         0  defsig_rtmem_inner.o ABSOLUTE
    ../clib/signal.c                         0x00000000   Number         0  defsig_rtred_outer.o ABSOLUTE
    ../clib/signal.c                         0x00000000   Number         0  defsig_abrt_inner.o ABSOLUTE
    ../clib/signal.c                         0x00000000   Number         0  defsig_fpe_inner.o ABSOLUTE
    ../clib/signal.c                         0x00000000   Number         0  defsig_stak_inner.o ABSOLUTE
    ../clib/signal.c                         0x00000000   Number         0  defsig_pvfn_inner.o ABSOLUTE
    ../clib/signal.c                         0x00000000   Number         0  defsig_cppl_inner.o ABSOLUTE
    ../clib/signal.c                         0x00000000   Number         0  defsig_segv_inner.o ABSOLUTE
    ../clib/signal.c                         0x00000000   Number         0  defsig_other.o ABSOLUTE
    ../clib/signal.c                         0x00000000   Number         0  defsig_rtmem_formal.o ABSOLUTE
    ../clib/signal.c                         0x00000000   Number         0  defsig_exit.o ABSOLUTE
    ../clib/signal.c                         0x00000000   Number         0  defsig_rtred_inner.o ABSOLUTE
    ../clib/signal.c                         0x00000000   Number         0  defsig_rtmem_outer.o ABSOLUTE
    ../clib/signal.s                         0x00000000   Number         0  defsig.o ABSOLUTE
    ../clib/stdio.c                          0x00000000   Number         0  fwritefast_locked.o ABSOLUTE
    ../clib/stdio.c                          0x00000000   Number         0  fwritefast.o ABSOLUTE
    ../clib/stdio.c                          0x00000000   Number         0  stdio.o ABSOLUTE
    ../clib/stdio.c                          0x00000000   Number         0  fseek.o ABSOLUTE
    ../clib/stdio.c                          0x00000000   Number         0  fopen_locked.o ABSOLUTE
    ../clib/stdio.c                          0x00000000   Number         0  setvbuf_locked.o ABSOLUTE
    ../clib/stdio.c                          0x00000000   Number         0  fclose.o ABSOLUTE
    ../clib/stdio.c                          0x00000000   Number         0  fopen.o ABSOLUTE
    ../clib/stdio.c                          0x00000000   Number         0  streamlock.o ABSOLUTE
    ../clib/stdio.c                          0x00000000   Number         0  setvbuf.o ABSOLUTE
    ../clib/stdio.c                          0x00000000   Number         0  flsbuf.o ABSOLUTE
    ../clib/stdio.c                          0x00000000   Number         0  stdio_streams.o ABSOLUTE
    ../clib/stdio.c                          0x00000000   Number         0  ferror.o ABSOLUTE
    ../clib/stdio.c                          0x00000000   Number         0  fputc.o ABSOLUTE
    ../clib/stdio.c                          0x00000000   Number         0  initio.o ABSOLUTE
    ../clib/stdio.c                          0x00000000   Number         0  fputc_locked.o ABSOLUTE
    ../clib/stdio.c                          0x00000000   Number         0  ferror_locked.o ABSOLUTE
    ../clib/stdio.c                          0x00000000   Number         0  initio_locked.o ABSOLUTE
    ../clib/stdio.c                          0x00000000   Number         0  fflush.o ABSOLUTE
    ../clib/stdio.c                          0x00000000   Number         0  fputs.o ABSOLUTE
    ../clib/stdio.c                          0x00000000   Number         0  ftell.o ABSOLUTE
    ../clib/stdio.c                          0x00000000   Number         0  fputs_locked.o ABSOLUTE
    ../clib/stdio.c                          0x00000000   Number         0  fflush_locked.o ABSOLUTE
    ../clib/stdlib.c                         0x00000000   Number         0  exit.o ABSOLUTE
    ../clib/wchar.c                          0x00000000   Number         0  flsbuf_fwide.o ABSOLUTE
    ../fplib/fpinit.s                        0x00000000   Number         0  fpinit.o ABSOLUTE
    D:\Users\Laurent\AppData\Local\Arm\Packs\Keil\ARM_Compiler\1.6.2\Source\retarget_io.c 0x00000000   Number         0  retarget_io.o ABSOLUTE
    Src\SysClock.c                           0x00000000   Number         0  sysclock.o ABSOLUTE
    Src\SysTick.c                            0x00000000   Number         0  systick.o ABSOLUTE
    Src\TreatCanMsg.c                        0x00000000   Number         0  treatcanmsg.o ABSOLUTE
    Src\\SysClock.c                          0x00000000   Number         0  sysclock.o ABSOLUTE
    Src\\SysTick.c                           0x00000000   Number         0  systick.o ABSOLUTE
    Src\\TreatCanMsg.c                       0x00000000   Number         0  treatcanmsg.o ABSOLUTE
    Src\\gpio.c                              0x00000000   Number         0  gpio.o ABSOLUTE
    Src\\interrupt.c                         0x00000000   Number         0  interrupt.o ABSOLUTE
    Src\\main.c                              0x00000000   Number         0  main.o ABSOLUTE
    Src\\stm32f4xx_hal_can.c                 0x00000000   Number         0  stm32f4xx_hal_can.o ABSOLUTE
    Src\\timer.c                             0x00000000   Number         0  timer.o ABSOLUTE
    Src\gpio.c                               0x00000000   Number         0  gpio.o ABSOLUTE
    Src\interrupt.c                          0x00000000   Number         0  interrupt.o ABSOLUTE
    Src\main.c                               0x00000000   Number         0  main.o ABSOLUTE
    Src\stm32f4xx_hal_can.c                  0x00000000   Number         0  stm32f4xx_hal_can.o ABSOLUTE
    Src\timer.c                              0x00000000   Number         0  timer.o ABSOLUTE
    System_Files\startup_stm32f446xx.s       0x00000000   Number         0  startup_stm32f446xx.o ABSOLUTE
    dc.s                                     0x00000000   Number         0  dc.o ABSOLUTE
    RESET                                    0x08000000   Section      452  startup_stm32f446xx.o(RESET)
    !!!main                                  0x080001c4   Section        8  __main.o(!!!main)
    !!!scatter                               0x080001cc   Section       52  __scatter.o(!!!scatter)
    !!handler_copy                           0x08000200   Section       26  __scatter_copy.o(!!handler_copy)
    !!handler_zi                             0x0800021c   Section       28  __scatter_zi.o(!!handler_zi)
    .ARM.Collect$$_printf_percent$$00000000  0x08000238   Section        0  _printf_percent.o(.ARM.Collect$$_printf_percent$$00000000)
    .ARM.Collect$$_printf_percent$$00000009  0x08000238   Section        6  _printf_d.o(.ARM.Collect$$_printf_percent$$00000009)
    .ARM.Collect$$_printf_percent$$00000014  0x0800023e   Section        6  _printf_s.o(.ARM.Collect$$_printf_percent$$00000014)
    .ARM.Collect$$_printf_percent$$00000017  0x08000244   Section        4  _printf_percent_end.o(.ARM.Collect$$_printf_percent$$00000017)
    .ARM.Collect$$libinit$$00000000          0x08000248   Section        2  libinit.o(.ARM.Collect$$libinit$$00000000)
    .ARM.Collect$$libinit$$00000001          0x0800024a   Section        4  libinit2.o(.ARM.Collect$$libinit$$00000001)
    .ARM.Collect$$libinit$$00000004          0x0800024e   Section        0  libinit2.o(.ARM.Collect$$libinit$$00000004)
    .ARM.Collect$$libinit$$00000005          0x0800024e   Section        8  libinit2.o(.ARM.Collect$$libinit$$00000005)
    .ARM.Collect$$libinit$$0000000A          0x08000256   Section        0  libinit2.o(.ARM.Collect$$libinit$$0000000A)
    .ARM.Collect$$libinit$$0000000C          0x08000256   Section        0  libinit2.o(.ARM.Collect$$libinit$$0000000C)
    .ARM.Collect$$libinit$$0000000E          0x08000256   Section        0  libinit2.o(.ARM.Collect$$libinit$$0000000E)
    .ARM.Collect$$libinit$$00000011          0x08000256   Section        0  libinit2.o(.ARM.Collect$$libinit$$00000011)
    .ARM.Collect$$libinit$$00000013          0x08000256   Section        0  libinit2.o(.ARM.Collect$$libinit$$00000013)
    .ARM.Collect$$libinit$$00000015          0x08000256   Section        0  libinit2.o(.ARM.Collect$$libinit$$00000015)
    .ARM.Collect$$libinit$$00000017          0x08000256   Section        0  libinit2.o(.ARM.Collect$$libinit$$00000017)
    .ARM.Collect$$libinit$$00000019          0x08000256   Section        0  libinit2.o(.ARM.Collect$$libinit$$00000019)
    .ARM.Collect$$libinit$$0000001B          0x08000256   Section        0  libinit2.o(.ARM.Collect$$libinit$$0000001B)
    .ARM.Collect$$libinit$$0000001D          0x08000256   Section        0  libinit2.o(.ARM.Collect$$libinit$$0000001D)
    .ARM.Collect$$libinit$$0000001F          0x08000256   Section        0  libinit2.o(.ARM.Collect$$libinit$$0000001F)
    .ARM.Collect$$libinit$$00000021          0x08000256   Section        0  libinit2.o(.ARM.Collect$$libinit$$00000021)
    .ARM.Collect$$libinit$$00000023          0x08000256   Section        0  libinit2.o(.ARM.Collect$$libinit$$00000023)
    .ARM.Collect$$libinit$$00000024          0x08000256   Section        4  libinit2.o(.ARM.Collect$$libinit$$00000024)
    .ARM.Collect$$libinit$$00000025          0x0800025a   Section        0  libinit2.o(.ARM.Collect$$libinit$$00000025)
    .ARM.Collect$$libinit$$0000002C          0x0800025a   Section        0  libinit2.o(.ARM.Collect$$libinit$$0000002C)
    .ARM.Collect$$libinit$$0000002E          0x0800025a   Section        0  libinit2.o(.ARM.Collect$$libinit$$0000002E)
    .ARM.Collect$$libinit$$00000030          0x0800025a   Section        0  libinit2.o(.ARM.Collect$$libinit$$00000030)
    .ARM.Collect$$libinit$$00000032          0x0800025a   Section        0  libinit2.o(.ARM.Collect$$libinit$$00000032)
    .ARM.Collect$$libinit$$00000033          0x0800025a   Section        2  libinit2.o(.ARM.Collect$$libinit$$00000033)
    .ARM.Collect$$libshutdown$$00000000      0x0800025c   Section        2  libshutdown.o(.ARM.Collect$$libshutdown$$00000000)
    .ARM.Collect$$libshutdown$$00000002      0x0800025e   Section        0  libshutdown2.o(.ARM.Collect$$libshutdown$$00000002)
    .ARM.Collect$$libshutdown$$00000003      0x0800025e   Section        4  libshutdown2.o(.ARM.Collect$$libshutdown$$00000003)
    .ARM.Collect$$libshutdown$$00000004      0x08000262   Section        0  libshutdown2.o(.ARM.Collect$$libshutdown$$00000004)
    .ARM.Collect$$libshutdown$$00000007      0x08000262   Section        0  libshutdown2.o(.ARM.Collect$$libshutdown$$00000007)
    .ARM.Collect$$libshutdown$$0000000A      0x08000262   Section        0  libshutdown2.o(.ARM.Collect$$libshutdown$$0000000A)
    .ARM.Collect$$libshutdown$$0000000C      0x08000262   Section        0  libshutdown2.o(.ARM.Collect$$libshutdown$$0000000C)
    .ARM.Collect$$libshutdown$$0000000F      0x08000262   Section        0  libshutdown2.o(.ARM.Collect$$libshutdown$$0000000F)
    .ARM.Collect$$libshutdown$$00000010      0x08000262   Section        2  libshutdown2.o(.ARM.Collect$$libshutdown$$00000010)
    .ARM.Collect$$rtentry$$00000000          0x08000264   Section        0  __rtentry.o(.ARM.Collect$$rtentry$$00000000)
    .ARM.Collect$$rtentry$$00000002          0x08000264   Section        0  __rtentry2.o(.ARM.Collect$$rtentry$$00000002)
    .ARM.Collect$$rtentry$$00000004          0x08000264   Section        6  __rtentry4.o(.ARM.Collect$$rtentry$$00000004)
    .ARM.Collect$$rtentry$$00000009          0x0800026a   Section        0  __rtentry2.o(.ARM.Collect$$rtentry$$00000009)
    .ARM.Collect$$rtentry$$0000000A          0x0800026a   Section        4  __rtentry2.o(.ARM.Collect$$rtentry$$0000000A)
    .ARM.Collect$$rtentry$$0000000C          0x0800026e   Section        0  __rtentry2.o(.ARM.Collect$$rtentry$$0000000C)
    .ARM.Collect$$rtentry$$0000000D          0x0800026e   Section        8  __rtentry2.o(.ARM.Collect$$rtentry$$0000000D)
    .ARM.Collect$$rtexit$$00000000           0x08000276   Section        2  rtexit.o(.ARM.Collect$$rtexit$$00000000)
    .ARM.Collect$$rtexit$$00000002           0x08000278   Section        0  rtexit2.o(.ARM.Collect$$rtexit$$00000002)
    .ARM.Collect$$rtexit$$00000003           0x08000278   Section        4  rtexit2.o(.ARM.Collect$$rtexit$$00000003)
    .ARM.Collect$$rtexit$$00000004           0x0800027c   Section        6  rtexit2.o(.ARM.Collect$$rtexit$$00000004)
    .emb_text                                0x08000284   Section        0  maybetermalloc1.o(.emb_text)
    .text                                    0x08000284   Section      132  startup_stm32f446xx.o(.text)
    $v0                                      0x08000284   Number         0  startup_stm32f446xx.o(.text)
    .text                                    0x08000308   Section        0  noretval__2printf.o(.text)
    .text                                    0x08000320   Section        0  __printf.o(.text)
    .text                                    0x08000388   Section        0  _printf_str.o(.text)
    .text                                    0x080003dc   Section        0  _printf_dec.o(.text)
    .text                                    0x08000454   Section      128  strcmpv7m.o(.text)
    .text                                    0x080004d4   Section        0  _printf_intcommon.o(.text)
    .text                                    0x08000586   Section        0  _printf_char.o(.text)
    .text                                    0x080005b4   Section        0  _printf_char_file.o(.text)
    .text                                    0x080005d8   Section        0  _printf_char_common.o(.text)
    _printf_input_char                       0x080005d9   Thumb Code    10  _printf_char_common.o(.text)
    .text                                    0x08000608   Section        0  ferror.o(.text)
    .text                                    0x08000610   Section        0  initio.o(.text)
    .text                                    0x08000748   Section       74  sys_stackheap_outer.o(.text)
    .text                                    0x08000792   Section        0  h1_free.o(.text)
    .text                                    0x080007e0   Section        0  flsbuf.o(.text)
    .text                                    0x080009b6   Section        0  setvbuf.o(.text)
    .text                                    0x080009fc   Section        0  fopen.o(.text)
    _freopen_locked                          0x080009fd   Thumb Code     0  fopen.o(.text)
    .text                                    0x08000ae8   Section        0  fclose.o(.text)
    .text                                    0x08000b34   Section        0  exit.o(.text)
    .text                                    0x08000b46   Section        0  defsig_rtred_outer.o(.text)
    .text                                    0x08000b54   Section       78  rt_memclr_w.o(.text)
    .text                                    0x08000ba4   Section        8  libspace.o(.text)
    .text                                    0x08000bac   Section        8  rt_heap_descriptor_intlibspace.o(.text)
    .text                                    0x08000bb4   Section        0  hguard.o(.text)
    .text                                    0x08000bb8   Section        0  init_alloc.o(.text)
    .text                                    0x08000c42   Section        0  h1_alloc.o(.text)
    .text                                    0x08000ca0   Section        0  fseek.o(.text)
    .text                                    0x08000d98   Section        0  stdio.o(.text)
    .text                                    0x08000e88   Section        0  defsig_exit.o(.text)
    .text                                    0x08000e94   Section        0  defsig_rtred_inner.o(.text)
    .text                                    0x08000ec8   Section        0  sys_exit.o(.text)
    .text                                    0x08000ed4   Section        0  h1_init.o(.text)
    .text                                    0x08000ee2   Section        0  h1_extend.o(.text)
    .text                                    0x08000f16   Section        0  ftell.o(.text)
    .text                                    0x08000f58   Section        0  defsig_general.o(.text)
    .text                                    0x08000f8a   Section        0  defsig_rtmem_outer.o(.text)
    .text                                    0x08000f98   Section        0  heapauxa.o(.text)
    .text                                    0x08000fe8   Section        0  sys_wrch.o(.text)
    .text                                    0x08000ff6   Section        2  use_no_semi.o(.text)
    .text                                    0x08000ff8   Section        8  rt_errno_addr_intlibspace.o(.text)
    .text                                    0x08000ff8   Section        0  indicate_semi.o(.text)
    .text                                    0x08001000   Section        0  defsig_rtmem_inner.o(.text)
    i.CAN1_RX0_IRQHandler                    0x08001050   Section        0  main.o(i.CAN1_RX0_IRQHandler)
    i.CAN_Config                             0x08001060   Section        0  main.o(i.CAN_Config)
    CAN_Config                               0x08001061   Thumb Code   394  main.o(i.CAN_Config)
    i.CAN_ConfigureCallBackFct               0x08001200   Section        0  main.o(i.CAN_ConfigureCallBackFct)
    i.CAN_NVIC_Init                          0x08001260   Section        0  main.o(i.CAN_NVIC_Init)
    i.DefaultFunc                            0x08001324   Section        0  timer.o(i.DefaultFunc)
    i.Delay_ms                               0x08001340   Section        0  systick.o(i.Delay_ms)
    i.EXTI0_IRQHandler                       0x08001354   Section        0  interrupt.o(i.EXTI0_IRQHandler)
    i.EXTI15_10_IRQHandler                   0x08001380   Section        0  interrupt.o(i.EXTI15_10_IRQHandler)
    i.EXTI1_IRQHandler                       0x080013c0   Section        0  interrupt.o(i.EXTI1_IRQHandler)
    i.EXTI2_IRQHandler                       0x080013ec   Section        0  interrupt.o(i.EXTI2_IRQHandler)
    i.EXTI3_IRQHandler                       0x08001418   Section        0  interrupt.o(i.EXTI3_IRQHandler)
    i.EXTI4_IRQHandler                       0x08001444   Section        0  interrupt.o(i.EXTI4_IRQHandler)
    i.EXTI9_5_IRQHandler                     0x08001470   Section        0  interrupt.o(i.EXTI9_5_IRQHandler)
    i.Error_Handler                          0x080014b0   Section        0  main.o(i.Error_Handler)
    Error_Handler                            0x080014b1   Thumb Code    10  main.o(i.Error_Handler)
    i.GPIOx_PinAF                            0x080014c4   Section        0  gpio.o(i.GPIOx_PinAF)
    i.GPIOx_Pin_Configure                    0x080015e0   Section        0  gpio.o(i.GPIOx_Pin_Configure)
    i.HAL_CAN_ActivateNotification           0x080016ac   Section        0  stm32f4xx_hal_can.o(i.HAL_CAN_ActivateNotification)
    i.HAL_CAN_AddTxMessage                   0x08001708   Section        0  stm32f4xx_hal_can.o(i.HAL_CAN_AddTxMessage)
    i.HAL_CAN_ConfigFilter                   0x080018d4   Section        0  stm32f4xx_hal_can.o(i.HAL_CAN_ConfigFilter)
    i.HAL_CAN_ErrorCallback                  0x08001ae4   Section        0  stm32f4xx_hal_can.o(i.HAL_CAN_ErrorCallback)
    i.HAL_CAN_GetRxMessage                   0x08001ae8   Section        0  stm32f4xx_hal_can.o(i.HAL_CAN_GetRxMessage)
    i.HAL_CAN_IRQHandler                     0x08001c9c   Section        0  stm32f4xx_hal_can.o(i.HAL_CAN_IRQHandler)
    i.HAL_CAN_Init                           0x08001eec   Section        0  stm32f4xx_hal_can.o(i.HAL_CAN_Init)
    i.HAL_CAN_MspInit                        0x080022a8   Section        0  stm32f4xx_hal_can.o(i.HAL_CAN_MspInit)
    i.HAL_CAN_RegisterCallback               0x080022aa   Section        0  stm32f4xx_hal_can.o(i.HAL_CAN_RegisterCallback)
    i.HAL_CAN_RxFifo0FullCallback            0x0800235c   Section        0  stm32f4xx_hal_can.o(i.HAL_CAN_RxFifo0FullCallback)
    i.HAL_CAN_RxFifo0MsgPendingCallback      0x0800235e   Section        0  stm32f4xx_hal_can.o(i.HAL_CAN_RxFifo0MsgPendingCallback)
    i.HAL_CAN_RxFifo1FullCallback            0x08002360   Section        0  stm32f4xx_hal_can.o(i.HAL_CAN_RxFifo1FullCallback)
    i.HAL_CAN_RxFifo1MsgPendingCallback      0x08002362   Section        0  stm32f4xx_hal_can.o(i.HAL_CAN_RxFifo1MsgPendingCallback)
    i.HAL_CAN_SleepCallback                  0x08002364   Section        0  stm32f4xx_hal_can.o(i.HAL_CAN_SleepCallback)
    i.HAL_CAN_Start                          0x08002366   Section        0  stm32f4xx_hal_can.o(i.HAL_CAN_Start)
    i.HAL_CAN_TxMailbox0AbortCallback        0x080023c4   Section        0  stm32f4xx_hal_can.o(i.HAL_CAN_TxMailbox0AbortCallback)
    i.HAL_CAN_TxMailbox0CompleteCallback     0x080023c6   Section        0  stm32f4xx_hal_can.o(i.HAL_CAN_TxMailbox0CompleteCallback)
    i.HAL_CAN_TxMailbox1AbortCallback        0x080023c8   Section        0  stm32f4xx_hal_can.o(i.HAL_CAN_TxMailbox1AbortCallback)
    i.HAL_CAN_TxMailbox1CompleteCallback     0x080023ca   Section        0  stm32f4xx_hal_can.o(i.HAL_CAN_TxMailbox1CompleteCallback)
    i.HAL_CAN_TxMailbox2AbortCallback        0x080023cc   Section        0  stm32f4xx_hal_can.o(i.HAL_CAN_TxMailbox2AbortCallback)
    i.HAL_CAN_TxMailbox2CompleteCallback     0x080023ce   Section        0  stm32f4xx_hal_can.o(i.HAL_CAN_TxMailbox2CompleteCallback)
    i.HAL_CAN_WakeUpFromRxMsgCallback        0x080023d0   Section        0  stm32f4xx_hal_can.o(i.HAL_CAN_WakeUpFromRxMsgCallback)
    i.IRQ_CAN_RxFifo0MsgPendingCallback      0x080023d4   Section        0  main.o(i.IRQ_CAN_RxFifo0MsgPendingCallback)
    i.IRQ_CAN_RxFifo1MsgPendingCallback      0x0800240c   Section        0  main.o(i.IRQ_CAN_RxFifo1MsgPendingCallback)
    i.ITM_SendChar                           0x08002444   Section        0  retarget_io.o(i.ITM_SendChar)
    i.SysTick_GetTick                        0x08002474   Section        0  systick.o(i.SysTick_GetTick)
    i.SysTick_Handler                        0x08002480   Section        0  systick.o(i.SysTick_Handler)
    i.SysTick_Initialize                     0x080024a4   Section        0  systick.o(i.SysTick_Initialize)
    i.System_Clock_Init                      0x08002514   Section        0  sysclock.o(i.System_Clock_Init)
    i.TIM1_BRK_TIM9_IRQHandler               0x080026f8   Section        0  timer.o(i.TIM1_BRK_TIM9_IRQHandler)
    i.TIM1_CC_IRQHandler                     0x0800270c   Section        0  timer.o(i.TIM1_CC_IRQHandler)
    i.TIM1_TRG_COM_TIM11_IRQHandler          0x08002720   Section        0  timer.o(i.TIM1_TRG_COM_TIM11_IRQHandler)
    i.TIM1_UP_TIM10_IRQHandler               0x08002734   Section        0  timer.o(i.TIM1_UP_TIM10_IRQHandler)
    i.TIM2_IRQHandler                        0x08002748   Section        0  timer.o(i.TIM2_IRQHandler)
    i.TIM3_IRQHandler                        0x0800275c   Section        0  timer.o(i.TIM3_IRQHandler)
    i.TIM4_IRQHandler                        0x08002770   Section        0  timer.o(i.TIM4_IRQHandler)
    i.TIM5_IRQHandler                        0x08002784   Section        0  timer.o(i.TIM5_IRQHandler)
    i.TIM6_DAC_IRQHandler                    0x08002798   Section        0  timer.o(i.TIM6_DAC_IRQHandler)
    i.TIM7_IRQHandler                        0x080027ac   Section        0  timer.o(i.TIM7_IRQHandler)
    i.TIM8_BRK_TIM12_IRQHandler              0x080027c0   Section        0  timer.o(i.TIM8_BRK_TIM12_IRQHandler)
    i.TIM8_CC_IRQHandler                     0x080027d4   Section        0  timer.o(i.TIM8_CC_IRQHandler)
    i.TIM8_TRG_COM_TIM14_IRQHandler          0x080027e8   Section        0  timer.o(i.TIM8_TRG_COM_TIM14_IRQHandler)
    i.TIM8_UP_TIM13_IRQHandler               0x080027fc   Section        0  timer.o(i.TIM8_UP_TIM13_IRQHandler)
    i._sys_close                             0x08002810   Section        0  retarget_io.o(i._sys_close)
    i._sys_flen                              0x08002836   Section        0  retarget_io.o(i._sys_flen)
    i._sys_istty                             0x0800285a   Section        0  retarget_io.o(i._sys_istty)
    i._sys_open                              0x08002880   Section        0  retarget_io.o(i._sys_open)
    i._sys_seek                              0x080028e8   Section        0  retarget_io.o(i._sys_seek)
    i._sys_write                             0x08002914   Section        0  retarget_io.o(i._sys_write)
    i.assert_failed                          0x0800295c   Section        0  main.o(i.assert_failed)
    i.assert_print                           0x08002990   Section        0  main.o(i.assert_print)
    i.fputc                                  0x080029b4   Section        0  fputc.o(i.fputc)
    i.main                                   0x080029d0   Section        0  main.o(i.main)
    i.print_info                             0x08002a68   Section        0  main.o(i.print_info)
    i.print_info_WAKEUP_FROM_RX_MSG          0x08002a90   Section        0  main.o(i.print_info_WAKEUP_FROM_RX_MSG)
    i.stdout_putchar                         0x08002ad4   Section        0  retarget_io.o(i.stdout_putchar)
    stdout_putchar                           0x08002ad5   Thumb Code    12  retarget_io.o(i.stdout_putchar)
    x$fpl$fpinit                             0x08002ae0   Section       10  fpinit.o(x$fpl$fpinit)
    $v0                                      0x08002ae0   Number         0  fpinit.o(x$fpl$fpinit)
    .constdata                               0x08002aea   Section       23  retarget_io.o(.constdata)
    .data                                    0x20000000   Section       30  main.o(.data)
    .data                                    0x20000020   Section       20  sysclock.o(.data)
    .data                                    0x20000034   Section        8  systick.o(.data)
    .data                                    0x2000003c   Section       60  timer.o(.data)
    .data                                    0x20000078   Section        4  stdio_streams.o(.data)
    .data                                    0x2000007c   Section        4  stdio_streams.o(.data)
    .data                                    0x20000080   Section        4  stdio_streams.o(.data)
    .data                                    0x20000084   Section        4  heapauxa.o(.data)
    __rt_heap_escrow_base                    0x20000084   Data           4  heapauxa.o(.data)
    .bss                                     0x20000088   Section       64  interrupt.o(.bss)
    EXTI_callback                            0x20000088   Data          64  interrupt.o(.bss)
    .bss                                     0x200000c8   Section      152  main.o(.bss)
    .bss                                     0x20000160   Section       84  stdio_streams.o(.bss)
    .bss                                     0x200001b4   Section       84  stdio_streams.o(.bss)
    .bss                                     0x20000208   Section       84  stdio_streams.o(.bss)
    .bss                                     0x2000025c   Section       96  libspace.o(.bss)
    HEAP                                     0x200002c0   Section      512  startup_stm32f446xx.o(HEAP)
    Heap_Mem                                 0x200002c0   Data         512  startup_stm32f446xx.o(HEAP)
    STACK                                    0x200004c0   Section     1024  startup_stm32f446xx.o(STACK)
    Stack_Mem                                0x200004c0   Data        1024  startup_stm32f446xx.o(STACK)
    __initial_sp                             0x200008c0   Data           0  startup_stm32f446xx.o(STACK)

    Global Symbols

    Symbol Name                              Value     Ov Type        Size  Object(Section)

    BuildAttributes$$THM_ISAv4$E$P$D$K$B$S$7EM$VFPi3$EXTD16$VFPS$VFMA$PE$A:L22UL41UL21$X:L11$S22US41US21$IEEE1$IW$USESV6$~STKCKD$USESV7$~SHL$OTIME$ROPI$EBA8$UX$STANDARDLIB$REQ8$PRES8$EABIv2 0x00000000   Number         0  anon$$obj.o ABSOLUTE
    Image$$ER_IROM1$$RW$$Length              0x00000000   Number         0  anon$$obj.o ABSOLUTE
    Image$$ER_IROM1$$ZI$$Length              0x00000000   Number         0  anon$$obj.o ABSOLUTE
    Image$$RW_IRAM1$$RO$$Length              0x00000000   Number         0  anon$$obj.o ABSOLUTE
    __ARM_use_no_argv                        0x00000000   Number         0  main.o ABSOLUTE
    __ARM_exceptions_init                     - Undefined Weak Reference
    __alloca_initialize                       - Undefined Weak Reference
    __arm_preinit_                            - Undefined Weak Reference
    __cpp_initialize__aeabi_                  - Undefined Weak Reference
    __cxa_finalize                            - Undefined Weak Reference
    __rt_locale                               - Undefined Weak Reference
    __sigvec_lookup                           - Undefined Weak Reference
    __user_heap_extent                        - Undefined Weak Reference
    _atexit_init                              - Undefined Weak Reference
    _call_atexit_fns                          - Undefined Weak Reference
    _clock_init                               - Undefined Weak Reference
    _fp_trap_init                             - Undefined Weak Reference
    _fp_trap_shutdown                         - Undefined Weak Reference
    _get_lc_collate                           - Undefined Weak Reference
    _get_lc_ctype                             - Undefined Weak Reference
    _get_lc_monetary                          - Undefined Weak Reference
    _get_lc_numeric                           - Undefined Weak Reference
    _get_lc_time                              - Undefined Weak Reference
    _getenv_init                              - Undefined Weak Reference
    _handle_redirection                       - Undefined Weak Reference
    _mutex_acquire                            - Undefined Weak Reference
    _mutex_free                               - Undefined Weak Reference
    _mutex_release                            - Undefined Weak Reference
    _printf_mbtowc                            - Undefined Weak Reference
    _printf_post_padding                      - Undefined Weak Reference
    _printf_pre_padding                       - Undefined Weak Reference
    _printf_truncate_signed                   - Undefined Weak Reference
    _printf_truncate_unsigned                 - Undefined Weak Reference
    _rand_init                                - Undefined Weak Reference
    _signal_finish                            - Undefined Weak Reference
    _signal_init                              - Undefined Weak Reference
    Image$$RW_IRAM1$$Length                  0x00000088   Number         0  anon$$obj.o ABSOLUTE
    Image$$RW_IRAM1$$RW$$Length              0x00000088   Number         0  anon$$obj.o ABSOLUTE
    __Vectors_Size                           0x000001c4   Number         0  startup_stm32f446xx.o ABSOLUTE
    Image$$RW_IRAM1$$ZI$$Length              0x00000838   Number         0  anon$$obj.o ABSOLUTE
    Image$$ER_IROM1$$RO$$Length              0x00002b24   Number         0  anon$$obj.o ABSOLUTE
    Image$$ER_IROM1$$RO$$Base                0x08000000   Number         0  anon$$obj.o ABSOLUTE
    Load$$ER_IROM1$$Base                     0x08000000   Number         0  anon$$obj.o ABSOLUTE
    __Vectors                                0x08000000   Data           4  startup_stm32f446xx.o(RESET)
    __Vectors_End                            0x080001c4   Data           0  startup_stm32f446xx.o(RESET)
    __main                                   0x080001c5   Thumb Code     8  __main.o(!!!main)
    __scatterload                            0x080001cd   Thumb Code     0  __scatter.o(!!!scatter)
    __scatterload_rt2                        0x080001cd   Thumb Code    44  __scatter.o(!!!scatter)
    __scatterload_rt2_thumb_only             0x080001cd   Thumb Code     0  __scatter.o(!!!scatter)
    __scatterload_null                       0x080001db   Thumb Code     0  __scatter.o(!!!scatter)
    __scatterload_copy                       0x08000201   Thumb Code    26  __scatter_copy.o(!!handler_copy)
    __scatterload_zeroinit                   0x0800021d   Thumb Code    28  __scatter_zi.o(!!handler_zi)
    _printf_d                                0x08000239   Thumb Code     0  _printf_d.o(.ARM.Collect$$_printf_percent$$00000009)
    _printf_percent                          0x08000239   Thumb Code     0  _printf_percent.o(.ARM.Collect$$_printf_percent$$00000000)
    _printf_s                                0x0800023f   Thumb Code     0  _printf_s.o(.ARM.Collect$$_printf_percent$$00000014)
    _printf_percent_end                      0x08000245   Thumb Code     0  _printf_percent_end.o(.ARM.Collect$$_printf_percent$$00000017)
    __rt_lib_init                            0x08000249   Thumb Code     0  libinit.o(.ARM.Collect$$libinit$$00000000)
    __rt_lib_init_fp_1                       0x0800024b   Thumb Code     0  libinit2.o(.ARM.Collect$$libinit$$00000001)
    __rt_lib_init_heap_2                     0x0800024f   Thumb Code     0  libinit2.o(.ARM.Collect$$libinit$$00000005)
    __rt_lib_init_preinit_1                  0x0800024f   Thumb Code     0  libinit2.o(.ARM.Collect$$libinit$$00000004)
    __rt_lib_init_atexit_1                   0x08000257   Thumb Code     0  libinit2.o(.ARM.Collect$$libinit$$0000001B)
    __rt_lib_init_clock_1                    0x08000257   Thumb Code     0  libinit2.o(.ARM.Collect$$libinit$$00000021)
    __rt_lib_init_fp_trap_1                  0x08000257   Thumb Code     0  libinit2.o(.ARM.Collect$$libinit$$0000001F)
    __rt_lib_init_getenv_1                   0x08000257   Thumb Code     0  libinit2.o(.ARM.Collect$$libinit$$00000023)
    __rt_lib_init_heap_1                     0x08000257   Thumb Code     0  libinit2.o(.ARM.Collect$$libinit$$0000000A)
    __rt_lib_init_lc_collate_1               0x08000257   Thumb Code     0  libinit2.o(.ARM.Collect$$libinit$$00000011)
    __rt_lib_init_lc_ctype_1                 0x08000257   Thumb Code     0  libinit2.o(.ARM.Collect$$libinit$$00000013)
    __rt_lib_init_lc_monetary_1              0x08000257   Thumb Code     0  libinit2.o(.ARM.Collect$$libinit$$00000015)
    __rt_lib_init_lc_numeric_1               0x08000257   Thumb Code     0  libinit2.o(.ARM.Collect$$libinit$$00000017)
    __rt_lib_init_lc_time_1                  0x08000257   Thumb Code     0  libinit2.o(.ARM.Collect$$libinit$$00000019)
    __rt_lib_init_rand_1                     0x08000257   Thumb Code     0  libinit2.o(.ARM.Collect$$libinit$$0000000E)
    __rt_lib_init_signal_1                   0x08000257   Thumb Code     0  libinit2.o(.ARM.Collect$$libinit$$0000001D)
    __rt_lib_init_stdio_2                    0x08000257   Thumb Code     0  libinit2.o(.ARM.Collect$$libinit$$00000024)
    __rt_lib_init_user_alloc_1               0x08000257   Thumb Code     0  libinit2.o(.ARM.Collect$$libinit$$0000000C)
    __rt_lib_init_alloca_1                   0x0800025b   Thumb Code     0  libinit2.o(.ARM.Collect$$libinit$$0000002E)
    __rt_lib_init_argv_1                     0x0800025b   Thumb Code     0  libinit2.o(.ARM.Collect$$libinit$$0000002C)
    __rt_lib_init_cpp_1                      0x0800025b   Thumb Code     0  libinit2.o(.ARM.Collect$$libinit$$00000032)
    __rt_lib_init_exceptions_1               0x0800025b   Thumb Code     0  libinit2.o(.ARM.Collect$$libinit$$00000030)
    __rt_lib_init_return                     0x0800025b   Thumb Code     0  libinit2.o(.ARM.Collect$$libinit$$00000033)
    __rt_lib_init_stdio_1                    0x0800025b   Thumb Code     0  libinit2.o(.ARM.Collect$$libinit$$00000025)
    __rt_lib_shutdown                        0x0800025d   Thumb Code     0  libshutdown.o(.ARM.Collect$$libshutdown$$00000000)
    __rt_lib_shutdown_cpp_1                  0x0800025f   Thumb Code     0  libshutdown2.o(.ARM.Collect$$libshutdown$$00000002)
    __rt_lib_shutdown_stdio_2                0x0800025f   Thumb Code     0  libshutdown2.o(.ARM.Collect$$libshutdown$$00000003)
    __rt_lib_shutdown_fp_trap_1              0x08000263   Thumb Code     0  libshutdown2.o(.ARM.Collect$$libshutdown$$00000007)
    __rt_lib_shutdown_heap_1                 0x08000263   Thumb Code     0  libshutdown2.o(.ARM.Collect$$libshutdown$$0000000F)
    __rt_lib_shutdown_return                 0x08000263   Thumb Code     0  libshutdown2.o(.ARM.Collect$$libshutdown$$00000010)
    __rt_lib_shutdown_signal_1               0x08000263   Thumb Code     0  libshutdown2.o(.ARM.Collect$$libshutdown$$0000000A)
    __rt_lib_shutdown_stdio_1                0x08000263   Thumb Code     0  libshutdown2.o(.ARM.Collect$$libshutdown$$00000004)
    __rt_lib_shutdown_user_alloc_1           0x08000263   Thumb Code     0  libshutdown2.o(.ARM.Collect$$libshutdown$$0000000C)
    __rt_entry                               0x08000265   Thumb Code     0  __rtentry.o(.ARM.Collect$$rtentry$$00000000)
    __rt_entry_presh_1                       0x08000265   Thumb Code     0  __rtentry2.o(.ARM.Collect$$rtentry$$00000002)
    __rt_entry_sh                            0x08000265   Thumb Code     0  __rtentry4.o(.ARM.Collect$$rtentry$$00000004)
    __rt_entry_li                            0x0800026b   Thumb Code     0  __rtentry2.o(.ARM.Collect$$rtentry$$0000000A)
    __rt_entry_postsh_1                      0x0800026b   Thumb Code     0  __rtentry2.o(.ARM.Collect$$rtentry$$00000009)
    __rt_entry_main                          0x0800026f   Thumb Code     0  __rtentry2.o(.ARM.Collect$$rtentry$$0000000D)
    __rt_entry_postli_1                      0x0800026f   Thumb Code     0  __rtentry2.o(.ARM.Collect$$rtentry$$0000000C)
    __rt_exit                                0x08000277   Thumb Code     0  rtexit.o(.ARM.Collect$$rtexit$$00000000)
    __rt_exit_ls                             0x08000279   Thumb Code     0  rtexit2.o(.ARM.Collect$$rtexit$$00000003)
    __rt_exit_prels_1                        0x08000279   Thumb Code     0  rtexit2.o(.ARM.Collect$$rtexit$$00000002)
    __rt_exit_exit                           0x0800027d   Thumb Code     0  rtexit2.o(.ARM.Collect$$rtexit$$00000004)
    Reset_Handler                            0x08000285   Thumb Code    60  startup_stm32f446xx.o(.text)
    _maybe_terminate_alloc                   0x08000285   Thumb Code     0  maybetermalloc1.o(.emb_text)
    NMI_Handler                              0x080002c1   Thumb Code     2  startup_stm32f446xx.o(.text)
    HardFault_Handler                        0x080002c3   Thumb Code     2  startup_stm32f446xx.o(.text)
    MemManage_Handler                        0x080002c5   Thumb Code     2  startup_stm32f446xx.o(.text)
    BusFault_Handler                         0x080002c7   Thumb Code     2  startup_stm32f446xx.o(.text)
    UsageFault_Handler                       0x080002c9   Thumb Code     2  startup_stm32f446xx.o(.text)
    SVC_Handler                              0x080002cb   Thumb Code     2  startup_stm32f446xx.o(.text)
    DebugMon_Handler                         0x080002cd   Thumb Code     2  startup_stm32f446xx.o(.text)
    PendSV_Handler                           0x080002cf   Thumb Code     2  startup_stm32f446xx.o(.text)
    ADC_IRQHandler                           0x080002d3   Thumb Code     0  startup_stm32f446xx.o(.text)
    CAN1_RX1_IRQHandler                      0x080002d3   Thumb Code     0  startup_stm32f446xx.o(.text)
    CAN1_SCE_IRQHandler                      0x080002d3   Thumb Code     0  startup_stm32f446xx.o(.text)
    CAN1_TX_IRQHandler                       0x080002d3   Thumb Code     0  startup_stm32f446xx.o(.text)
    CAN2_RX0_IRQHandler                      0x080002d3   Thumb Code     0  startup_stm32f446xx.o(.text)
    CAN2_RX1_IRQHandler                      0x080002d3   Thumb Code     0  startup_stm32f446xx.o(.text)
    CAN2_SCE_IRQHandler                      0x080002d3   Thumb Code     0  startup_stm32f446xx.o(.text)
    CAN2_TX_IRQHandler                       0x080002d3   Thumb Code     0  startup_stm32f446xx.o(.text)
    CEC_IRQHandler                           0x080002d3   Thumb Code     0  startup_stm32f446xx.o(.text)
    DCMI_IRQHandler                          0x080002d3   Thumb Code     0  startup_stm32f446xx.o(.text)
    DMA1_Stream0_IRQHandler                  0x080002d3   Thumb Code     0  startup_stm32f446xx.o(.text)
    DMA1_Stream1_IRQHandler                  0x080002d3   Thumb Code     0  startup_stm32f446xx.o(.text)
    DMA1_Stream2_IRQHandler                  0x080002d3   Thumb Code     0  startup_stm32f446xx.o(.text)
    DMA1_Stream3_IRQHandler                  0x080002d3   Thumb Code     0  startup_stm32f446xx.o(.text)
    DMA1_Stream4_IRQHandler                  0x080002d3   Thumb Code     0  startup_stm32f446xx.o(.text)
    DMA1_Stream5_IRQHandler                  0x080002d3   Thumb Code     0  startup_stm32f446xx.o(.text)
    DMA1_Stream6_IRQHandler                  0x080002d3   Thumb Code     0  startup_stm32f446xx.o(.text)
    DMA1_Stream7_IRQHandler                  0x080002d3   Thumb Code     0  startup_stm32f446xx.o(.text)
    DMA2_Stream0_IRQHandler                  0x080002d3   Thumb Code     0  startup_stm32f446xx.o(.text)
    DMA2_Stream1_IRQHandler                  0x080002d3   Thumb Code     0  startup_stm32f446xx.o(.text)
    DMA2_Stream2_IRQHandler                  0x080002d3   Thumb Code     0  startup_stm32f446xx.o(.text)
    DMA2_Stream3_IRQHandler                  0x080002d3   Thumb Code     0  startup_stm32f446xx.o(.text)
    DMA2_Stream4_IRQHandler                  0x080002d3   Thumb Code     0  startup_stm32f446xx.o(.text)
    DMA2_Stream5_IRQHandler                  0x080002d3   Thumb Code     0  startup_stm32f446xx.o(.text)
    DMA2_Stream6_IRQHandler                  0x080002d3   Thumb Code     0  startup_stm32f446xx.o(.text)
    DMA2_Stream7_IRQHandler                  0x080002d3   Thumb Code     0  startup_stm32f446xx.o(.text)
    FLASH_IRQHandler                         0x080002d3   Thumb Code     0  startup_stm32f446xx.o(.text)
    FMC_IRQHandler                           0x080002d3   Thumb Code     0  startup_stm32f446xx.o(.text)
    FPU_IRQHandler                           0x080002d3   Thumb Code     0  startup_stm32f446xx.o(.text)
    I2C1_ER_IRQHandler                       0x080002d3   Thumb Code     0  startup_stm32f446xx.o(.text)
    I2C1_EV_IRQHandler                       0x080002d3   Thumb Code     0  startup_stm32f446xx.o(.text)
    I2C2_ER_IRQHandler                       0x080002d3   Thumb Code     0  startup_stm32f446xx.o(.text)
    I2C2_EV_IRQHandler                       0x080002d3   Thumb Code     0  startup_stm32f446xx.o(.text)
    I2C3_ER_IRQHandler                       0x080002d3   Thumb Code     0  startup_stm32f446xx.o(.text)
    I2C3_EV_IRQHandler                       0x080002d3   Thumb Code     0  startup_stm32f446xx.o(.text)
    I2C4_Error_IRQHandler                    0x080002d3   Thumb Code     0  startup_stm32f446xx.o(.text)
    I2C4_Event_IRQHandler                    0x080002d3   Thumb Code     0  startup_stm32f446xx.o(.text)
    OTG_FS_IRQHandler                        0x080002d3   Thumb Code     0  startup_stm32f446xx.o(.text)
    OTG_FS_WKUP_IRQHandler                   0x080002d3   Thumb Code     0  startup_stm32f446xx.o(.text)
    OTG_HS_EP1_IN_IRQHandler                 0x080002d3   Thumb Code     0  startup_stm32f446xx.o(.text)
    OTG_HS_EP1_OUT_IRQHandler                0x080002d3   Thumb Code     0  startup_stm32f446xx.o(.text)
    OTG_HS_IRQHandler                        0x080002d3   Thumb Code     0  startup_stm32f446xx.o(.text)
    OTG_HS_WKUP_IRQHandler                   0x080002d3   Thumb Code     0  startup_stm32f446xx.o(.text)
    PVD_IRQHandler                           0x080002d3   Thumb Code     0  startup_stm32f446xx.o(.text)
    QUADSPI_IRQHandler                       0x080002d3   Thumb Code     0  startup_stm32f446xx.o(.text)
    RCC_IRQHandler                           0x080002d3   Thumb Code     0  startup_stm32f446xx.o(.text)
    RTC_Alarm_IRQHandler                     0x080002d3   Thumb Code     0  startup_stm32f446xx.o(.text)
    RTC_WKUP_IRQHandler                      0x080002d3   Thumb Code     0  startup_stm32f446xx.o(.text)
    SAI1_IRQHandler                          0x080002d3   Thumb Code     0  startup_stm32f446xx.o(.text)
    SAI2_IRQHandler                          0x080002d3   Thumb Code     0  startup_stm32f446xx.o(.text)
    SDIO_IRQHandler                          0x080002d3   Thumb Code     0  startup_stm32f446xx.o(.text)
    SPDIF_RX_IRQHandler                      0x080002d3   Thumb Code     0  startup_stm32f446xx.o(.text)
    SPI1_IRQHandler                          0x080002d3   Thumb Code     0  startup_stm32f446xx.o(.text)
    SPI2_IRQHandler                          0x080002d3   Thumb Code     0  startup_stm32f446xx.o(.text)
    SPI3_IRQHandler                          0x080002d3   Thumb Code     0  startup_stm32f446xx.o(.text)
    SPI4_IRQHandler                          0x080002d3   Thumb Code     0  startup_stm32f446xx.o(.text)
    TAMP_STAMP_IRQHandler                    0x080002d3   Thumb Code     0  startup_stm32f446xx.o(.text)
    UART4_IRQHandler                         0x080002d3   Thumb Code     0  startup_stm32f446xx.o(.text)
    UART5_IRQHandler                         0x080002d3   Thumb Code     0  startup_stm32f446xx.o(.text)
    USART1_IRQHandler                        0x080002d3   Thumb Code     0  startup_stm32f446xx.o(.text)
    USART2_IRQHandler                        0x080002d3   Thumb Code     0  startup_stm32f446xx.o(.text)
    USART3_IRQHandler                        0x080002d3   Thumb Code     0  startup_stm32f446xx.o(.text)
    USART6_IRQHandler                        0x080002d3   Thumb Code     0  startup_stm32f446xx.o(.text)
    WWDG_IRQHandler                          0x080002d3   Thumb Code     0  startup_stm32f446xx.o(.text)
    __user_initial_stackheap                 0x080002d5   Thumb Code     0  startup_stm32f446xx.o(.text)
    __2printf                                0x08000309   Thumb Code    20  noretval__2printf.o(.text)
    __printf                                 0x08000321   Thumb Code   104  __printf.o(.text)
    _printf_str                              0x08000389   Thumb Code    82  _printf_str.o(.text)
    _printf_int_dec                          0x080003dd   Thumb Code   104  _printf_dec.o(.text)
    strcmp                                   0x08000455   Thumb Code   128  strcmpv7m.o(.text)
    _printf_int_common                       0x080004d5   Thumb Code   178  _printf_intcommon.o(.text)
    _printf_cs_common                        0x08000587   Thumb Code    20  _printf_char.o(.text)
    _printf_char                             0x0800059b   Thumb Code    16  _printf_char.o(.text)
    _printf_string                           0x080005ab   Thumb Code     8  _printf_char.o(.text)
    _printf_char_file                        0x080005b5   Thumb Code    32  _printf_char_file.o(.text)
    _printf_char_common                      0x080005e3   Thumb Code    32  _printf_char_common.o(.text)
    ferror                                   0x08000609   Thumb Code     8  ferror.o(.text)
    _initio                                  0x08000611   Thumb Code   210  initio.o(.text)
    _terminateio                             0x080006e3   Thumb Code    56  initio.o(.text)
    __user_setup_stackheap                   0x08000749   Thumb Code    74  sys_stackheap_outer.o(.text)
    free                                     0x08000793   Thumb Code    78  h1_free.o(.text)
    __flsbuf                                 0x080007e1   Thumb Code   470  flsbuf.o(.text)
    __flsbuf_byte                            0x080007e1   Thumb Code     0  flsbuf.o(.text)
    __flsbuf_wide                            0x080007e1   Thumb Code     0  flsbuf.o(.text)
    setvbuf                                  0x080009b7   Thumb Code    70  setvbuf.o(.text)
    freopen                                  0x080009fd   Thumb Code   158  fopen.o(.text)
    fopen                                    0x08000a9b   Thumb Code    74  fopen.o(.text)
    _fclose_internal                         0x08000ae9   Thumb Code    76  fclose.o(.text)
    fclose                                   0x08000ae9   Thumb Code     0  fclose.o(.text)
    exit                                     0x08000b35   Thumb Code    18  exit.o(.text)
    __rt_SIGRTRED                            0x08000b47   Thumb Code    14  defsig_rtred_outer.o(.text)
    __aeabi_memclr4                          0x08000b55   Thumb Code     0  rt_memclr_w.o(.text)
    __aeabi_memclr8                          0x08000b55   Thumb Code     0  rt_memclr_w.o(.text)
    __rt_memclr_w                            0x08000b55   Thumb Code    78  rt_memclr_w.o(.text)
    _memset_w                                0x08000b59   Thumb Code     0  rt_memclr_w.o(.text)
    __user_libspace                          0x08000ba5   Thumb Code     8  libspace.o(.text)
    __user_perproc_libspace                  0x08000ba5   Thumb Code     0  libspace.o(.text)
    __user_perthread_libspace                0x08000ba5   Thumb Code     0  libspace.o(.text)
    __rt_heap_descriptor                     0x08000bad   Thumb Code     8  rt_heap_descriptor_intlibspace.o(.text)
    __use_no_heap                            0x08000bb5   Thumb Code     2  hguard.o(.text)
    __heap$guard                             0x08000bb7   Thumb Code     2  hguard.o(.text)
    _terminate_user_alloc                    0x08000bb9   Thumb Code     2  init_alloc.o(.text)
    _init_user_alloc                         0x08000bbb   Thumb Code     2  init_alloc.o(.text)
    __Heap_Full                              0x08000bbd   Thumb Code    34  init_alloc.o(.text)
    __Heap_Broken                            0x08000bdf   Thumb Code     6  init_alloc.o(.text)
    _init_alloc                              0x08000be5   Thumb Code    94  init_alloc.o(.text)
    malloc                                   0x08000c43   Thumb Code    94  h1_alloc.o(.text)
    _fseek                                   0x08000ca1   Thumb Code   242  fseek.o(.text)
    fseek                                    0x08000ca1   Thumb Code     0  fseek.o(.text)
    _seterr                                  0x08000d99   Thumb Code    20  stdio.o(.text)
    _writebuf                                0x08000dad   Thumb Code    84  stdio.o(.text)
    _fflush                                  0x08000e01   Thumb Code    70  stdio.o(.text)
    _deferredlazyseek                        0x08000e47   Thumb Code    60  stdio.o(.text)
    __sig_exit                               0x08000e89   Thumb Code    10  defsig_exit.o(.text)
    __rt_SIGRTRED_inner                      0x08000e95   Thumb Code    14  defsig_rtred_inner.o(.text)
    _sys_exit                                0x08000ec9   Thumb Code     8  sys_exit.o(.text)
    __Heap_Initialize                        0x08000ed5   Thumb Code    10  h1_init.o(.text)
    __Heap_DescSize                          0x08000edf   Thumb Code     4  h1_init.o(.text)
    __Heap_ProvideMemory                     0x08000ee3   Thumb Code    52  h1_extend.o(.text)
    _ftell_internal                          0x08000f17   Thumb Code    66  ftell.o(.text)
    ftell                                    0x08000f17   Thumb Code     0  ftell.o(.text)
    __default_signal_display                 0x08000f59   Thumb Code    50  defsig_general.o(.text)
    __rt_SIGRTMEM                            0x08000f8b   Thumb Code    14  defsig_rtmem_outer.o(.text)
    __rt_heap_escrow                         0x08000f99   Thumb Code    22  heapauxa.o(.text)
    __rt_heap_expand                         0x08000faf   Thumb Code    52  heapauxa.o(.text)
    _ttywrch                                 0x08000fe9   Thumb Code    14  sys_wrch.o(.text)
    __I$use$semihosting                      0x08000ff7   Thumb Code     0  use_no_semi.o(.text)
    __use_no_semihosting_swi                 0x08000ff7   Thumb Code     2  use_no_semi.o(.text)
    __aeabi_errno_addr                       0x08000ff9   Thumb Code     8  rt_errno_addr_intlibspace.o(.text)
    __errno$intlibspace                      0x08000ff9   Thumb Code     0  rt_errno_addr_intlibspace.o(.text)
    __rt_errno_addr$intlibspace              0x08000ff9   Thumb Code     0  rt_errno_addr_intlibspace.o(.text)
    __semihosting_library_function           0x08000ff9   Thumb Code     0  indicate_semi.o(.text)
    __rt_SIGRTMEM_inner                      0x08001001   Thumb Code    22  defsig_rtmem_inner.o(.text)
    CAN1_RX0_IRQHandler                      0x08001051   Thumb Code    10  main.o(i.CAN1_RX0_IRQHandler)
    CAN_ConfigureCallBackFct                 0x08001201   Thumb Code    76  main.o(i.CAN_ConfigureCallBackFct)
    CAN_NVIC_Init                            0x08001261   Thumb Code   186  main.o(i.CAN_NVIC_Init)
    DefaultFunc                              0x08001325   Thumb Code    14  timer.o(i.DefaultFunc)
    Delay_ms                                 0x08001341   Thumb Code    16  systick.o(i.Delay_ms)
    EXTI0_IRQHandler                         0x08001355   Thumb Code    34  interrupt.o(i.EXTI0_IRQHandler)
    EXTI15_10_IRQHandler                     0x08001381   Thumb Code    54  interrupt.o(i.EXTI15_10_IRQHandler)
    EXTI1_IRQHandler                         0x080013c1   Thumb Code    34  interrupt.o(i.EXTI1_IRQHandler)
    EXTI2_IRQHandler                         0x080013ed   Thumb Code    34  interrupt.o(i.EXTI2_IRQHandler)
    EXTI3_IRQHandler                         0x08001419   Thumb Code    34  interrupt.o(i.EXTI3_IRQHandler)
    EXTI4_IRQHandler                         0x08001445   Thumb Code    34  interrupt.o(i.EXTI4_IRQHandler)
    EXTI9_5_IRQHandler                       0x08001471   Thumb Code    54  interrupt.o(i.EXTI9_5_IRQHandler)
    GPIOx_PinAF                              0x080014c5   Thumb Code   268  gpio.o(i.GPIOx_PinAF)
    GPIOx_Pin_Configure                      0x080015e1   Thumb Code   196  gpio.o(i.GPIOx_Pin_Configure)
    HAL_CAN_ActivateNotification             0x080016ad   Thumb Code    62  stm32f4xx_hal_can.o(i.HAL_CAN_ActivateNotification)
    HAL_CAN_AddTxMessage                     0x08001709   Thumb Code   436  stm32f4xx_hal_can.o(i.HAL_CAN_AddTxMessage)
    HAL_CAN_ConfigFilter                     0x080018d5   Thumb Code   500  stm32f4xx_hal_can.o(i.HAL_CAN_ConfigFilter)
    HAL_CAN_ErrorCallback                    0x08001ae5   Thumb Code     2  stm32f4xx_hal_can.o(i.HAL_CAN_ErrorCallback)
    HAL_CAN_GetRxMessage                     0x08001ae9   Thumb Code   412  stm32f4xx_hal_can.o(i.HAL_CAN_GetRxMessage)
    HAL_CAN_IRQHandler                       0x08001c9d   Thumb Code   590  stm32f4xx_hal_can.o(i.HAL_CAN_IRQHandler)
    HAL_CAN_Init                             0x08001eed   Thumb Code   876  stm32f4xx_hal_can.o(i.HAL_CAN_Init)
    HAL_CAN_MspInit                          0x080022a9   Thumb Code     2  stm32f4xx_hal_can.o(i.HAL_CAN_MspInit)
    HAL_CAN_RegisterCallback                 0x080022ab   Thumb Code   178  stm32f4xx_hal_can.o(i.HAL_CAN_RegisterCallback)
    HAL_CAN_RxFifo0FullCallback              0x0800235d   Thumb Code     2  stm32f4xx_hal_can.o(i.HAL_CAN_RxFifo0FullCallback)
    HAL_CAN_RxFifo0MsgPendingCallback        0x0800235f   Thumb Code     2  stm32f4xx_hal_can.o(i.HAL_CAN_RxFifo0MsgPendingCallback)
    HAL_CAN_RxFifo1FullCallback              0x08002361   Thumb Code     2  stm32f4xx_hal_can.o(i.HAL_CAN_RxFifo1FullCallback)
    HAL_CAN_RxFifo1MsgPendingCallback        0x08002363   Thumb Code     2  stm32f4xx_hal_can.o(i.HAL_CAN_RxFifo1MsgPendingCallback)
    HAL_CAN_SleepCallback                    0x08002365   Thumb Code     2  stm32f4xx_hal_can.o(i.HAL_CAN_SleepCallback)
    HAL_CAN_Start                            0x08002367   Thumb Code    94  stm32f4xx_hal_can.o(i.HAL_CAN_Start)
    HAL_CAN_TxMailbox0AbortCallback          0x080023c5   Thumb Code     2  stm32f4xx_hal_can.o(i.HAL_CAN_TxMailbox0AbortCallback)
    HAL_CAN_TxMailbox0CompleteCallback       0x080023c7   Thumb Code     2  stm32f4xx_hal_can.o(i.HAL_CAN_TxMailbox0CompleteCallback)
    HAL_CAN_TxMailbox1AbortCallback          0x080023c9   Thumb Code     2  stm32f4xx_hal_can.o(i.HAL_CAN_TxMailbox1AbortCallback)
    HAL_CAN_TxMailbox1CompleteCallback       0x080023cb   Thumb Code     2  stm32f4xx_hal_can.o(i.HAL_CAN_TxMailbox1CompleteCallback)
    HAL_CAN_TxMailbox2AbortCallback          0x080023cd   Thumb Code     2  stm32f4xx_hal_can.o(i.HAL_CAN_TxMailbox2AbortCallback)
    HAL_CAN_TxMailbox2CompleteCallback       0x080023cf   Thumb Code     2  stm32f4xx_hal_can.o(i.HAL_CAN_TxMailbox2CompleteCallback)
    HAL_CAN_WakeUpFromRxMsgCallback          0x080023d1   Thumb Code     2  stm32f4xx_hal_can.o(i.HAL_CAN_WakeUpFromRxMsgCallback)
    IRQ_CAN_RxFifo0MsgPendingCallback        0x080023d5   Thumb Code    40  main.o(i.IRQ_CAN_RxFifo0MsgPendingCallback)
    IRQ_CAN_RxFifo1MsgPendingCallback        0x0800240d   Thumb Code    40  main.o(i.IRQ_CAN_RxFifo1MsgPendingCallback)
    ITM_SendChar                             0x08002445   Thumb Code    42  retarget_io.o(i.ITM_SendChar)
    SysTick_GetTick                          0x08002475   Thumb Code     6  systick.o(i.SysTick_GetTick)
    SysTick_Handler                          0x08002481   Thumb Code    28  systick.o(i.SysTick_Handler)
    SysTick_Initialize                       0x080024a5   Thumb Code    98  systick.o(i.SysTick_Initialize)
    System_Clock_Init                        0x08002515   Thumb Code   448  sysclock.o(i.System_Clock_Init)
    TIM1_BRK_TIM9_IRQHandler                 0x080026f9   Thumb Code    12  timer.o(i.TIM1_BRK_TIM9_IRQHandler)
    TIM1_CC_IRQHandler                       0x0800270d   Thumb Code    12  timer.o(i.TIM1_CC_IRQHandler)
    TIM1_TRG_COM_TIM11_IRQHandler            0x08002721   Thumb Code    12  timer.o(i.TIM1_TRG_COM_TIM11_IRQHandler)
    TIM1_UP_TIM10_IRQHandler                 0x08002735   Thumb Code    12  timer.o(i.TIM1_UP_TIM10_IRQHandler)
    TIM2_IRQHandler                          0x08002749   Thumb Code    14  timer.o(i.TIM2_IRQHandler)
    TIM3_IRQHandler                          0x0800275d   Thumb Code    12  timer.o(i.TIM3_IRQHandler)
    TIM4_IRQHandler                          0x08002771   Thumb Code    12  timer.o(i.TIM4_IRQHandler)
    TIM5_IRQHandler                          0x08002785   Thumb Code    12  timer.o(i.TIM5_IRQHandler)
    TIM6_DAC_IRQHandler                      0x08002799   Thumb Code    12  timer.o(i.TIM6_DAC_IRQHandler)
    TIM7_IRQHandler                          0x080027ad   Thumb Code    12  timer.o(i.TIM7_IRQHandler)
    TIM8_BRK_TIM12_IRQHandler                0x080027c1   Thumb Code    12  timer.o(i.TIM8_BRK_TIM12_IRQHandler)
    TIM8_CC_IRQHandler                       0x080027d5   Thumb Code    12  timer.o(i.TIM8_CC_IRQHandler)
    TIM8_TRG_COM_TIM14_IRQHandler            0x080027e9   Thumb Code    12  timer.o(i.TIM8_TRG_COM_TIM14_IRQHandler)
    TIM8_UP_TIM13_IRQHandler                 0x080027fd   Thumb Code    12  timer.o(i.TIM8_UP_TIM13_IRQHandler)
    _sys_close                               0x08002811   Thumb Code    38  retarget_io.o(i._sys_close)
    _sys_flen                                0x08002837   Thumb Code    36  retarget_io.o(i._sys_flen)
    _sys_istty                               0x0800285b   Thumb Code    36  retarget_io.o(i._sys_istty)
    _sys_open                                0x08002881   Thumb Code    80  retarget_io.o(i._sys_open)
    _sys_seek                                0x080028e9   Thumb Code    44  retarget_io.o(i._sys_seek)
    _sys_write                               0x08002915   Thumb Code    70  retarget_io.o(i._sys_write)
    assert_failed                            0x0800295d   Thumb Code    18  main.o(i.assert_failed)
    assert_print                             0x08002991   Thumb Code    14  main.o(i.assert_print)
    fputc                                    0x080029b5   Thumb Code    26  fputc.o(i.fputc)
    main                                     0x080029d1   Thumb Code    94  main.o(i.main)
    print_info                               0x08002a69   Thumb Code    14  main.o(i.print_info)
    print_info_WAKEUP_FROM_RX_MSG            0x08002a91   Thumb Code    14  main.o(i.print_info_WAKEUP_FROM_RX_MSG)
    _fp_init                                 0x08002ae1   Thumb Code    10  fpinit.o(x$fpl$fpinit)
    __fplib_config_fpu_vfp                   0x08002ae9   Thumb Code     0  fpinit.o(x$fpl$fpinit)
    __fplib_config_pureend_doubles           0x08002ae9   Thumb Code     0  fpinit.o(x$fpl$fpinit)
    __stdin_name                             0x08002aea   Data           7  retarget_io.o(.constdata)
    __stdout_name                            0x08002af1   Data           8  retarget_io.o(.constdata)
    __stderr_name                            0x08002af9   Data           8  retarget_io.o(.constdata)
    Region$$Table$$Base                      0x08002b04   Number         0  anon$$obj.o(Region$$Table)
    Image$$ER_IROM1$$RO$$Limit               0x08002b24   Number         0  anon$$obj.o ABSOLUTE
    Image$$ER_IROM1$$RW$$Base                0x08002b24   Number         0  anon$$obj.o ABSOLUTE
    Image$$ER_IROM1$$RW$$Limit               0x08002b24   Number         0  anon$$obj.o ABSOLUTE
    Image$$ER_IROM1$$ZI$$Base                0x08002b24   Number         0  anon$$obj.o ABSOLUTE
    Image$$ER_IROM1$$ZI$$Limit               0x08002b24   Number         0  anon$$obj.o ABSOLUTE
    Load$$RW_IRAM1$$Base                     0x08002b24   Number         0  anon$$obj.o ABSOLUTE
    Region$$Table$$Limit                     0x08002b24   Number         0  anon$$obj.o(Region$$Table)
    Image$$RW_IRAM1$$Base                    0x20000000   Number         0  anon$$obj.o ABSOLUTE
    Image$$RW_IRAM1$$RO$$Base                0x20000000   Number         0  anon$$obj.o ABSOLUTE
    Image$$RW_IRAM1$$RW$$Base                0x20000000   Number         0  anon$$obj.o ABSOLUTE
    flagReceived                             0x20000000   Data           1  main.o(.data)
    ubKeyNumber                              0x20000001   Data           1  main.o(.data)
    TxData                                   0x20000002   Data           8  main.o(.data)
    RxData                                   0x2000000a   Data           8  main.o(.data)
    TxMailbox                                0x20000014   Data           4  main.o(.data)
    CountTransmit                            0x20000018   Data           2  main.o(.data)
    CountReceivedFifo0                       0x2000001a   Data           2  main.o(.data)
    CountReceivedFifo1                       0x2000001c   Data           2  main.o(.data)
    SystemCoreClock                          0x20000020   Data           4  sysclock.o(.data)
    Apb1TimerClock                           0x20000024   Data           4  sysclock.o(.data)
    Apb2TimerClock                           0x20000028   Data           4  sysclock.o(.data)
    Apb1PeriphClock                          0x2000002c   Data           4  sysclock.o(.data)
    Apb2PeriphClock                          0x20000030   Data           4  sysclock.o(.data)
    SysTickTimeDelay                         0x20000034   Data           4  systick.o(.data)
    SysTickCurrenTick                        0x20000038   Data           4  systick.o(.data)
    timer_callback                           0x2000003c   Data          60  timer.o(.data)
    __aeabi_stdin                            0x20000078   Data           4  stdio_streams.o(.data)
    __aeabi_stdout                           0x2000007c   Data           4  stdio_streams.o(.data)
    __aeabi_stderr                           0x20000080   Data           4  stdio_streams.o(.data)
    Image$$RW_IRAM1$$Limit                   0x20000088   Number         0  anon$$obj.o ABSOLUTE
    Image$$RW_IRAM1$$RW$$Limit               0x20000088   Number         0  anon$$obj.o ABSOLUTE
    Image$$RW_IRAM1$$ZI$$Base                0x20000088   Number         0  anon$$obj.o ABSOLUTE
    CanHandle                                0x200000c8   Data         100  main.o(.bss)
    TxHeader                                 0x2000012c   Data          24  main.o(.bss)
    RxHeader                                 0x20000144   Data          28  main.o(.bss)
    __stdin                                  0x20000160   Data          84  stdio_streams.o(.bss)
    __stdout                                 0x200001b4   Data          84  stdio_streams.o(.bss)
    __stderr                                 0x20000208   Data          84  stdio_streams.o(.bss)
    __libspace_start                         0x2000025c   Data          96  libspace.o(.bss)
    __temporary_stack_top$libspace           0x200002bc   Data           0  libspace.o(.bss)
    Image$$RW_IRAM1$$ZI$$Limit               0x200008c0   Number         0  anon$$obj.o ABSOLUTE



==============================================================================

Memory Map of the image

  Image Entry point : 0x080001c5

  Load Region LR_IROM1 (Base: 0x08000000, Size: 0x00002bac, Max: 0x00080000, ABSOLUTE)

    Execution Region ER_IROM1 (Exec base: 0x08000000, Load base: 0x08000000, Size: 0x00002b24, Max: 0x00080000, ABSOLUTE)

    Exec Addr    Load Addr    Size         Type   Attr      Idx    E Section Name        Object

    0x08000000   0x08000000   0x000001c4   Data   RO          850    RESET               startup_stm32f446xx.o
    0x080001c4   0x080001c4   0x00000008   Code   RO          977  * !!!main             c_w.l(__main.o)
    0x080001cc   0x080001cc   0x00000034   Code   RO         1325    !!!scatter          c_w.l(__scatter.o)
    0x08000200   0x08000200   0x0000001a   Code   RO         1327    !!handler_copy      c_w.l(__scatter_copy.o)
    0x0800021a   0x0800021a   0x00000002   PAD
    0x0800021c   0x0800021c   0x0000001c   Code   RO         1329    !!handler_zi        c_w.l(__scatter_zi.o)
    0x08000238   0x08000238   0x00000000   Code   RO          974    .ARM.Collect$$_printf_percent$$00000000  c_w.l(_printf_percent.o)
    0x08000238   0x08000238   0x00000006   Code   RO          973    .ARM.Collect$$_printf_percent$$00000009  c_w.l(_printf_d.o)
    0x0800023e   0x0800023e   0x00000006   Code   RO          972    .ARM.Collect$$_printf_percent$$00000014  c_w.l(_printf_s.o)
    0x08000244   0x08000244   0x00000004   Code   RO          986    .ARM.Collect$$_printf_percent$$00000017  c_w.l(_printf_percent_end.o)
    0x08000248   0x08000248   0x00000002   Code   RO         1112    .ARM.Collect$$libinit$$00000000  c_w.l(libinit.o)
    0x0800024a   0x0800024a   0x00000004   Code   RO         1113    .ARM.Collect$$libinit$$00000001  c_w.l(libinit2.o)
    0x0800024e   0x0800024e   0x00000000   Code   RO         1116    .ARM.Collect$$libinit$$00000004  c_w.l(libinit2.o)
    0x0800024e   0x0800024e   0x00000008   Code   RO         1117    .ARM.Collect$$libinit$$00000005  c_w.l(libinit2.o)
    0x08000256   0x08000256   0x00000000   Code   RO         1119    .ARM.Collect$$libinit$$0000000A  c_w.l(libinit2.o)
    0x08000256   0x08000256   0x00000000   Code   RO         1121    .ARM.Collect$$libinit$$0000000C  c_w.l(libinit2.o)
    0x08000256   0x08000256   0x00000000   Code   RO         1123    .ARM.Collect$$libinit$$0000000E  c_w.l(libinit2.o)
    0x08000256   0x08000256   0x00000000   Code   RO         1126    .ARM.Collect$$libinit$$00000011  c_w.l(libinit2.o)
    0x08000256   0x08000256   0x00000000   Code   RO         1128    .ARM.Collect$$libinit$$00000013  c_w.l(libinit2.o)
    0x08000256   0x08000256   0x00000000   Code   RO         1130    .ARM.Collect$$libinit$$00000015  c_w.l(libinit2.o)
    0x08000256   0x08000256   0x00000000   Code   RO         1132    .ARM.Collect$$libinit$$00000017  c_w.l(libinit2.o)
    0x08000256   0x08000256   0x00000000   Code   RO         1134    .ARM.Collect$$libinit$$00000019  c_w.l(libinit2.o)
    0x08000256   0x08000256   0x00000000   Code   RO         1136    .ARM.Collect$$libinit$$0000001B  c_w.l(libinit2.o)
    0x08000256   0x08000256   0x00000000   Code   RO         1138    .ARM.Collect$$libinit$$0000001D  c_w.l(libinit2.o)
    0x08000256   0x08000256   0x00000000   Code   RO         1140    .ARM.Collect$$libinit$$0000001F  c_w.l(libinit2.o)
    0x08000256   0x08000256   0x00000000   Code   RO         1142    .ARM.Collect$$libinit$$00000021  c_w.l(libinit2.o)
    0x08000256   0x08000256   0x00000000   Code   RO         1144    .ARM.Collect$$libinit$$00000023  c_w.l(libinit2.o)
    0x08000256   0x08000256   0x00000004   Code   RO         1145    .ARM.Collect$$libinit$$00000024  c_w.l(libinit2.o)
    0x0800025a   0x0800025a   0x00000000   Code   RO         1146    .ARM.Collect$$libinit$$00000025  c_w.l(libinit2.o)
    0x0800025a   0x0800025a   0x00000000   Code   RO         1150    .ARM.Collect$$libinit$$0000002C  c_w.l(libinit2.o)
    0x0800025a   0x0800025a   0x00000000   Code   RO         1152    .ARM.Collect$$libinit$$0000002E  c_w.l(libinit2.o)
    0x0800025a   0x0800025a   0x00000000   Code   RO         1154    .ARM.Collect$$libinit$$00000030  c_w.l(libinit2.o)
    0x0800025a   0x0800025a   0x00000000   Code   RO         1156    .ARM.Collect$$libinit$$00000032  c_w.l(libinit2.o)
    0x0800025a   0x0800025a   0x00000002   Code   RO         1157    .ARM.Collect$$libinit$$00000033  c_w.l(libinit2.o)
    0x0800025c   0x0800025c   0x00000002   Code   RO         1304    .ARM.Collect$$libshutdown$$00000000  c_w.l(libshutdown.o)
    0x0800025e   0x0800025e   0x00000000   Code   RO         1159    .ARM.Collect$$libshutdown$$00000002  c_w.l(libshutdown2.o)
    0x0800025e   0x0800025e   0x00000004   Code   RO         1160    .ARM.Collect$$libshutdown$$00000003  c_w.l(libshutdown2.o)
    0x08000262   0x08000262   0x00000000   Code   RO         1161    .ARM.Collect$$libshutdown$$00000004  c_w.l(libshutdown2.o)
    0x08000262   0x08000262   0x00000000   Code   RO         1164    .ARM.Collect$$libshutdown$$00000007  c_w.l(libshutdown2.o)
    0x08000262   0x08000262   0x00000000   Code   RO         1167    .ARM.Collect$$libshutdown$$0000000A  c_w.l(libshutdown2.o)
    0x08000262   0x08000262   0x00000000   Code   RO         1169    .ARM.Collect$$libshutdown$$0000000C  c_w.l(libshutdown2.o)
    0x08000262   0x08000262   0x00000000   Code   RO         1172    .ARM.Collect$$libshutdown$$0000000F  c_w.l(libshutdown2.o)
    0x08000262   0x08000262   0x00000002   Code   RO         1173    .ARM.Collect$$libshutdown$$00000010  c_w.l(libshutdown2.o)
    0x08000264   0x08000264   0x00000000   Code   RO          979    .ARM.Collect$$rtentry$$00000000  c_w.l(__rtentry.o)
    0x08000264   0x08000264   0x00000000   Code   RO          994    .ARM.Collect$$rtentry$$00000002  c_w.l(__rtentry2.o)
    0x08000264   0x08000264   0x00000006   Code   RO         1006    .ARM.Collect$$rtentry$$00000004  c_w.l(__rtentry4.o)
    0x0800026a   0x0800026a   0x00000000   Code   RO          996    .ARM.Collect$$rtentry$$00000009  c_w.l(__rtentry2.o)
    0x0800026a   0x0800026a   0x00000004   Code   RO          997    .ARM.Collect$$rtentry$$0000000A  c_w.l(__rtentry2.o)
    0x0800026e   0x0800026e   0x00000000   Code   RO          999    .ARM.Collect$$rtentry$$0000000C  c_w.l(__rtentry2.o)
    0x0800026e   0x0800026e   0x00000008   Code   RO         1000    .ARM.Collect$$rtentry$$0000000D  c_w.l(__rtentry2.o)
    0x08000276   0x08000276   0x00000002   Code   RO         1179    .ARM.Collect$$rtexit$$00000000  c_w.l(rtexit.o)
    0x08000278   0x08000278   0x00000000   Code   RO         1235    .ARM.Collect$$rtexit$$00000002  c_w.l(rtexit2.o)
    0x08000278   0x08000278   0x00000004   Code   RO         1236    .ARM.Collect$$rtexit$$00000003  c_w.l(rtexit2.o)
    0x0800027c   0x0800027c   0x00000006   Code   RO         1237    .ARM.Collect$$rtexit$$00000004  c_w.l(rtexit2.o)
    0x08000282   0x08000282   0x00000002   PAD
    0x08000284   0x08000284   0x00000000   Code   RO         1241    .emb_text           c_w.l(maybetermalloc1.o)
    0x08000284   0x08000284   0x00000084   Code   RO          851    .text               startup_stm32f446xx.o
    0x08000308   0x08000308   0x00000018   Code   RO          944    .text               c_w.l(noretval__2printf.o)
    0x08000320   0x08000320   0x00000068   Code   RO          946    .text               c_w.l(__printf.o)
    0x08000388   0x08000388   0x00000052   Code   RO          948    .text               c_w.l(_printf_str.o)
    0x080003da   0x080003da   0x00000002   PAD
    0x080003dc   0x080003dc   0x00000078   Code   RO          950    .text               c_w.l(_printf_dec.o)
    0x08000454   0x08000454   0x00000080   Code   RO          975    .text               c_w.l(strcmpv7m.o)
    0x080004d4   0x080004d4   0x000000b2   Code   RO          980    .text               c_w.l(_printf_intcommon.o)
    0x08000586   0x08000586   0x0000002c   Code   RO          982    .text               c_w.l(_printf_char.o)
    0x080005b2   0x080005b2   0x00000002   PAD
    0x080005b4   0x080005b4   0x00000024   Code   RO          984    .text               c_w.l(_printf_char_file.o)
    0x080005d8   0x080005d8   0x00000030   Code   RO         1008    .text               c_w.l(_printf_char_common.o)
    0x08000608   0x08000608   0x00000008   Code   RO         1010    .text               c_w.l(ferror.o)
    0x08000610   0x08000610   0x00000138   Code   RO         1016    .text               c_w.l(initio.o)
    0x08000748   0x08000748   0x0000004a   Code   RO         1026    .text               c_w.l(sys_stackheap_outer.o)
    0x08000792   0x08000792   0x0000004e   Code   RO         1030    .text               c_w.l(h1_free.o)
    0x080007e0   0x080007e0   0x000001d6   Code   RO         1086    .text               c_w.l(flsbuf.o)
    0x080009b6   0x080009b6   0x00000046   Code   RO         1088    .text               c_w.l(setvbuf.o)
    0x080009fc   0x080009fc   0x000000ec   Code   RO         1091    .text               c_w.l(fopen.o)
    0x08000ae8   0x08000ae8   0x0000004c   Code   RO         1093    .text               c_w.l(fclose.o)
    0x08000b34   0x08000b34   0x00000012   Code   RO         1099    .text               c_w.l(exit.o)
    0x08000b46   0x08000b46   0x0000000e   Code   RO         1101    .text               c_w.l(defsig_rtred_outer.o)
    0x08000b54   0x08000b54   0x0000004e   Code   RO         1105    .text               c_w.l(rt_memclr_w.o)
    0x08000ba2   0x08000ba2   0x00000002   PAD
    0x08000ba4   0x08000ba4   0x00000008   Code   RO         1176    .text               c_w.l(libspace.o)
    0x08000bac   0x08000bac   0x00000008   Code   RO         1186    .text               c_w.l(rt_heap_descriptor_intlibspace.o)
    0x08000bb4   0x08000bb4   0x00000004   Code   RO         1188    .text               c_w.l(hguard.o)
    0x08000bb8   0x08000bb8   0x0000008a   Code   RO         1190    .text               c_w.l(init_alloc.o)
    0x08000c42   0x08000c42   0x0000005e   Code   RO         1196    .text               c_w.l(h1_alloc.o)
    0x08000ca0   0x08000ca0   0x000000f8   Code   RO         1212    .text               c_w.l(fseek.o)
    0x08000d98   0x08000d98   0x000000f0   Code   RO         1214    .text               c_w.l(stdio.o)
    0x08000e88   0x08000e88   0x0000000a   Code   RO         1220    .text               c_w.l(defsig_exit.o)
    0x08000e92   0x08000e92   0x00000002   PAD
    0x08000e94   0x08000e94   0x00000034   Code   RO         1222    .text               c_w.l(defsig_rtred_inner.o)
    0x08000ec8   0x08000ec8   0x0000000c   Code   RO         1232    .text               c_w.l(sys_exit.o)
    0x08000ed4   0x08000ed4   0x0000000e   Code   RO         1243    .text               c_w.l(h1_init.o)
    0x08000ee2   0x08000ee2   0x00000034   Code   RO         1245    .text               c_w.l(h1_extend.o)
    0x08000f16   0x08000f16   0x00000042   Code   RO         1255    .text               c_w.l(ftell.o)
    0x08000f58   0x08000f58   0x00000032   Code   RO         1263    .text               c_w.l(defsig_general.o)
    0x08000f8a   0x08000f8a   0x0000000e   Code   RO         1265    .text               c_w.l(defsig_rtmem_outer.o)
    0x08000f98   0x08000f98   0x00000050   Code   RO         1271    .text               c_w.l(heapauxa.o)
    0x08000fe8   0x08000fe8   0x0000000e   Code   RO         1282    .text               c_w.l(sys_wrch.o)
    0x08000ff6   0x08000ff6   0x00000002   Code   RO         1286    .text               c_w.l(use_no_semi.o)
    0x08000ff8   0x08000ff8   0x00000000   Code   RO         1288    .text               c_w.l(indicate_semi.o)
    0x08000ff8   0x08000ff8   0x00000008   Code   RO         1292    .text               c_w.l(rt_errno_addr_intlibspace.o)
    0x08001000   0x08001000   0x00000050   Code   RO         1298    .text               c_w.l(defsig_rtmem_inner.o)
    0x08001050   0x08001050   0x00000010   Code   RO          234    i.CAN1_RX0_IRQHandler  main.o
    0x08001060   0x08001060   0x000001a0   Code   RO          235    i.CAN_Config        main.o
    0x08001200   0x08001200   0x00000060   Code   RO          236    i.CAN_ConfigureCallBackFct  main.o
    0x08001260   0x08001260   0x000000c4   Code   RO          237    i.CAN_NVIC_Init     main.o
    0x08001324   0x08001324   0x0000001c   Code   RO          413    i.DefaultFunc       timer.o
    0x08001340   0x08001340   0x00000014   Code   RO          364    i.Delay_ms          systick.o
    0x08001354   0x08001354   0x0000002c   Code   RO          147    i.EXTI0_IRQHandler  interrupt.o
    0x08001380   0x08001380   0x00000040   Code   RO          148    i.EXTI15_10_IRQHandler  interrupt.o
    0x080013c0   0x080013c0   0x0000002c   Code   RO          149    i.EXTI1_IRQHandler  interrupt.o
    0x080013ec   0x080013ec   0x0000002c   Code   RO          150    i.EXTI2_IRQHandler  interrupt.o
    0x08001418   0x08001418   0x0000002c   Code   RO          151    i.EXTI3_IRQHandler  interrupt.o
    0x08001444   0x08001444   0x0000002c   Code   RO          152    i.EXTI4_IRQHandler  interrupt.o
    0x08001470   0x08001470   0x00000040   Code   RO          153    i.EXTI9_5_IRQHandler  interrupt.o
    0x080014b0   0x080014b0   0x00000014   Code   RO          238    i.Error_Handler     main.o
    0x080014c4   0x080014c4   0x0000011c   Code   RO            5    i.GPIOx_PinAF       gpio.o
    0x080015e0   0x080015e0   0x000000cc   Code   RO            6    i.GPIOx_Pin_Configure  gpio.o
    0x080016ac   0x080016ac   0x0000005c   Code   RO          606    i.HAL_CAN_ActivateNotification  stm32f4xx_hal_can.o
    0x08001708   0x08001708   0x000001cc   Code   RO          607    i.HAL_CAN_AddTxMessage  stm32f4xx_hal_can.o
    0x080018d4   0x080018d4   0x00000210   Code   RO          608    i.HAL_CAN_ConfigFilter  stm32f4xx_hal_can.o
    0x08001ae4   0x08001ae4   0x00000002   Code   RO          611    i.HAL_CAN_ErrorCallback  stm32f4xx_hal_can.o
    0x08001ae6   0x08001ae6   0x00000002   PAD
    0x08001ae8   0x08001ae8   0x000001b4   Code   RO          614    i.HAL_CAN_GetRxMessage  stm32f4xx_hal_can.o
    0x08001c9c   0x08001c9c   0x0000024e   Code   RO          618    i.HAL_CAN_IRQHandler  stm32f4xx_hal_can.o
    0x08001eea   0x08001eea   0x00000002   PAD
    0x08001eec   0x08001eec   0x000003bc   Code   RO          619    i.HAL_CAN_Init      stm32f4xx_hal_can.o
    0x080022a8   0x080022a8   0x00000002   Code   RO          623    i.HAL_CAN_MspInit   stm32f4xx_hal_can.o
    0x080022aa   0x080022aa   0x000000b2   Code   RO          624    i.HAL_CAN_RegisterCallback  stm32f4xx_hal_can.o
    0x0800235c   0x0800235c   0x00000002   Code   RO          627    i.HAL_CAN_RxFifo0FullCallback  stm32f4xx_hal_can.o
    0x0800235e   0x0800235e   0x00000002   Code   RO          628    i.HAL_CAN_RxFifo0MsgPendingCallback  stm32f4xx_hal_can.o
    0x08002360   0x08002360   0x00000002   Code   RO          629    i.HAL_CAN_RxFifo1FullCallback  stm32f4xx_hal_can.o
    0x08002362   0x08002362   0x00000002   Code   RO          630    i.HAL_CAN_RxFifo1MsgPendingCallback  stm32f4xx_hal_can.o
    0x08002364   0x08002364   0x00000002   Code   RO          631    i.HAL_CAN_SleepCallback  stm32f4xx_hal_can.o
    0x08002366   0x08002366   0x0000005e   Code   RO          632    i.HAL_CAN_Start     stm32f4xx_hal_can.o
    0x080023c4   0x080023c4   0x00000002   Code   RO          634    i.HAL_CAN_TxMailbox0AbortCallback  stm32f4xx_hal_can.o
    0x080023c6   0x080023c6   0x00000002   Code   RO          635    i.HAL_CAN_TxMailbox0CompleteCallback  stm32f4xx_hal_can.o
    0x080023c8   0x080023c8   0x00000002   Code   RO          636    i.HAL_CAN_TxMailbox1AbortCallback  stm32f4xx_hal_can.o
    0x080023ca   0x080023ca   0x00000002   Code   RO          637    i.HAL_CAN_TxMailbox1CompleteCallback  stm32f4xx_hal_can.o
    0x080023cc   0x080023cc   0x00000002   Code   RO          638    i.HAL_CAN_TxMailbox2AbortCallback  stm32f4xx_hal_can.o
    0x080023ce   0x080023ce   0x00000002   Code   RO          639    i.HAL_CAN_TxMailbox2CompleteCallback  stm32f4xx_hal_can.o
    0x080023d0   0x080023d0   0x00000002   Code   RO          642    i.HAL_CAN_WakeUpFromRxMsgCallback  stm32f4xx_hal_can.o
    0x080023d2   0x080023d2   0x00000002   PAD
    0x080023d4   0x080023d4   0x00000038   Code   RO          239    i.IRQ_CAN_RxFifo0MsgPendingCallback  main.o
    0x0800240c   0x0800240c   0x00000038   Code   RO          240    i.IRQ_CAN_RxFifo1MsgPendingCallback  main.o
    0x08002444   0x08002444   0x00000030   Code   RO          856    i.ITM_SendChar      retarget_io.o
    0x08002474   0x08002474   0x0000000c   Code   RO          365    i.SysTick_GetTick   systick.o
    0x08002480   0x08002480   0x00000024   Code   RO          366    i.SysTick_Handler   systick.o
    0x080024a4   0x080024a4   0x00000070   Code   RO          367    i.SysTick_Initialize  systick.o
    0x08002514   0x08002514   0x000001e4   Code   RO          330    i.System_Clock_Init  sysclock.o
    0x080026f8   0x080026f8   0x00000014   Code   RO          414    i.TIM1_BRK_TIM9_IRQHandler  timer.o
    0x0800270c   0x0800270c   0x00000014   Code   RO          415    i.TIM1_CC_IRQHandler  timer.o
    0x08002720   0x08002720   0x00000014   Code   RO          416    i.TIM1_TRG_COM_TIM11_IRQHandler  timer.o
    0x08002734   0x08002734   0x00000014   Code   RO          417    i.TIM1_UP_TIM10_IRQHandler  timer.o
    0x08002748   0x08002748   0x00000014   Code   RO          418    i.TIM2_IRQHandler   timer.o
    0x0800275c   0x0800275c   0x00000014   Code   RO          419    i.TIM3_IRQHandler   timer.o
    0x08002770   0x08002770   0x00000014   Code   RO          420    i.TIM4_IRQHandler   timer.o
    0x08002784   0x08002784   0x00000014   Code   RO          421    i.TIM5_IRQHandler   timer.o
    0x08002798   0x08002798   0x00000014   Code   RO          422    i.TIM6_DAC_IRQHandler  timer.o
    0x080027ac   0x080027ac   0x00000014   Code   RO          423    i.TIM7_IRQHandler   timer.o
    0x080027c0   0x080027c0   0x00000014   Code   RO          424    i.TIM8_BRK_TIM12_IRQHandler  timer.o
    0x080027d4   0x080027d4   0x00000014   Code   RO          425    i.TIM8_CC_IRQHandler  timer.o
    0x080027e8   0x080027e8   0x00000014   Code   RO          426    i.TIM8_TRG_COM_TIM14_IRQHandler  timer.o
    0x080027fc   0x080027fc   0x00000014   Code   RO          427    i.TIM8_UP_TIM13_IRQHandler  timer.o
    0x08002810   0x08002810   0x00000026   Code   RO          857    i._sys_close        retarget_io.o
    0x08002836   0x08002836   0x00000024   Code   RO          858    i._sys_flen         retarget_io.o
    0x0800285a   0x0800285a   0x00000024   Code   RO          859    i._sys_istty        retarget_io.o
    0x0800287e   0x0800287e   0x00000002   PAD
    0x08002880   0x08002880   0x00000068   Code   RO          860    i._sys_open         retarget_io.o
    0x080028e8   0x080028e8   0x0000002c   Code   RO          862    i._sys_seek         retarget_io.o
    0x08002914   0x08002914   0x00000046   Code   RO          863    i._sys_write        retarget_io.o
    0x0800295a   0x0800295a   0x00000002   PAD
    0x0800295c   0x0800295c   0x00000034   Code   RO          241    i.assert_failed     main.o
    0x08002990   0x08002990   0x00000024   Code   RO          242    i.assert_print      main.o
    0x080029b4   0x080029b4   0x0000001a   Code   RO         1013    i.fputc             c_w.l(fputc.o)
    0x080029ce   0x080029ce   0x00000002   PAD
    0x080029d0   0x080029d0   0x00000098   Code   RO          243    i.main              main.o
    0x08002a68   0x08002a68   0x00000028   Code   RO          244    i.print_info        main.o
    0x08002a90   0x08002a90   0x00000044   Code   RO          245    i.print_info_WAKEUP_FROM_RX_MSG  main.o
    0x08002ad4   0x08002ad4   0x0000000c   Code   RO          864    i.stdout_putchar    retarget_io.o
    0x08002ae0   0x08002ae0   0x0000000a   Code   RO         1230    x$fpl$fpinit        fz_wm.l(fpinit.o)
    0x08002aea   0x08002aea   0x00000017   Data   RO          865    .constdata          retarget_io.o
    0x08002b01   0x08002b01   0x00000003   PAD
    0x08002b04   0x08002b04   0x00000020   Data   RO         1323    Region$$Table       anon$$obj.o


    Execution Region RW_IRAM1 (Exec base: 0x20000000, Load base: 0x08002b24, Size: 0x000008c0, Max: 0x00020000, ABSOLUTE)

    Exec Addr    Load Addr    Size         Type   Attr      Idx    E Section Name        Object

    0x20000000   0x08002b24   0x0000001e   Data   RW          247    .data               main.o
    0x2000001e   0x08002b42   0x00000002   PAD
    0x20000020   0x08002b44   0x00000014   Data   RW          331    .data               sysclock.o
    0x20000034   0x08002b58   0x00000008   Data   RW          368    .data               systick.o
    0x2000003c   0x08002b60   0x0000003c   Data   RW          438    .data               timer.o
    0x20000078   0x08002b9c   0x00000004   Data   RW          990    .data               c_w.l(stdio_streams.o)
    0x2000007c   0x08002ba0   0x00000004   Data   RW          991    .data               c_w.l(stdio_streams.o)
    0x20000080   0x08002ba4   0x00000004   Data   RW          992    .data               c_w.l(stdio_streams.o)
    0x20000084   0x08002ba8   0x00000004   Data   RW         1272    .data               c_w.l(heapauxa.o)
    0x20000088        -       0x00000040   Zero   RW          158    .bss                interrupt.o
    0x200000c8        -       0x00000098   Zero   RW          246    .bss                main.o
    0x20000160        -       0x00000054   Zero   RW          987    .bss                c_w.l(stdio_streams.o)
    0x200001b4        -       0x00000054   Zero   RW          988    .bss                c_w.l(stdio_streams.o)
    0x20000208        -       0x00000054   Zero   RW          989    .bss                c_w.l(stdio_streams.o)
    0x2000025c        -       0x00000060   Zero   RW         1177    .bss                c_w.l(libspace.o)
    0x200002bc   0x08002bac   0x00000004   PAD
    0x200002c0        -       0x00000200   Zero   RW          849    HEAP                startup_stm32f446xx.o
    0x200004c0        -       0x00000400   Zero   RW          848    STACK               startup_stm32f446xx.o


==============================================================================

Image component sizes


      Code (inc. data)   RO Data    RW Data    ZI Data      Debug   Object Name

       488         24          0          0          0     594604   gpio.o
       348         70          0          0         64       3775   interrupt.o
      1204        294          0         30        152      37734   main.o
       388         30         23          0          0       7198   retarget_io.o
       132         42        452          0       1536        844   startup_stm32f446xx.o
      3362        202          0          0          0      15056   stm32f4xx_hal_can.o
       484         36          0         20          0       1004   sysclock.o
       180         32          0          8          0      32644   systick.o
       308        124          0         60          0       9858   timer.o

    ----------------------------------------------------------------------
      6904        854        510        120       1752     702717   Object Totals
         0          0         32          0          0          0   (incl. Generated)
        10          0          3          2          0          0   (incl. Padding)

    ----------------------------------------------------------------------

      Code (inc. data)   RO Data    RW Data    ZI Data      Debug   Library Member Name

         8          0          0          0          0         68   __main.o
       104          0          0          0          0         84   __printf.o
         0          0          0          0          0          0   __rtentry.o
        12          0          0          0          0          0   __rtentry2.o
         6          0          0          0          0          0   __rtentry4.o
        52          8          0          0          0          0   __scatter.o
        26          0          0          0          0          0   __scatter_copy.o
        28          0          0          0          0          0   __scatter_zi.o
        44          0          0          0          0        108   _printf_char.o
        48          6          0          0          0         96   _printf_char_common.o
        36          4          0          0          0         80   _printf_char_file.o
         6          0          0          0          0          0   _printf_d.o
       120         16          0          0          0         92   _printf_dec.o
       178          0          0          0          0         88   _printf_intcommon.o
         0          0          0          0          0          0   _printf_percent.o
         4          0          0          0          0          0   _printf_percent_end.o
         6          0          0          0          0          0   _printf_s.o
        82          0          0          0          0         80   _printf_str.o
        10          0          0          0          0         68   defsig_exit.o
        50          0          0          0          0         88   defsig_general.o
        80         58          0          0          0         76   defsig_rtmem_inner.o
        14          0          0          0          0         80   defsig_rtmem_outer.o
        52         38          0          0          0         76   defsig_rtred_inner.o
        14          0          0          0          0         80   defsig_rtred_outer.o
        18          0          0          0          0         80   exit.o
        76          0          0          0          0         88   fclose.o
         8          0          0          0          0         68   ferror.o
       470          0          0          0          0         88   flsbuf.o
       236          4          0          0          0        128   fopen.o
        26          0          0          0          0         68   fputc.o
       248          6          0          0          0         84   fseek.o
        66          0          0          0          0         76   ftell.o
        94          0          0          0          0         80   h1_alloc.o
        52          0          0          0          0         68   h1_extend.o
        78          0          0          0          0         80   h1_free.o
        14          0          0          0          0         84   h1_init.o
        80          6          0          4          0         96   heapauxa.o
         4          0          0          0          0        136   hguard.o
         0          0          0          0          0          0   indicate_semi.o
       138          0          0          0          0        168   init_alloc.o
       312         46          0          0          0        112   initio.o
         2          0          0          0          0          0   libinit.o
        18          0          0          0          0          0   libinit2.o
         2          0          0          0          0          0   libshutdown.o
         6          0          0          0          0          0   libshutdown2.o
         8          4          0          0         96         68   libspace.o
         0          0          0          0          0          0   maybetermalloc1.o
        24          4          0          0          0         84   noretval__2printf.o
         8          4          0          0          0         68   rt_errno_addr_intlibspace.o
         8          4          0          0          0         68   rt_heap_descriptor_intlibspace.o
        78          0          0          0          0         80   rt_memclr_w.o
         2          0          0          0          0          0   rtexit.o
        10          0          0          0          0          0   rtexit2.o
        70          0          0          0          0         80   setvbuf.o
       240          6          0          0          0        156   stdio.o
         0          0          0         12        252          0   stdio_streams.o
       128          0          0          0          0         68   strcmpv7m.o
        12          4          0          0          0         68   sys_exit.o
        74          0          0          0          0         80   sys_stackheap_outer.o
        14          0          0          0          0         76   sys_wrch.o
         2          0          0          0          0         68   use_no_semi.o
        10          0          0          0          0        116   fpinit.o

    ----------------------------------------------------------------------
      3630        218          0         16        352       3748   Library Totals
        14          0          0          0          4          0   (incl. Padding)

    ----------------------------------------------------------------------

      Code (inc. data)   RO Data    RW Data    ZI Data      Debug   Library Name

      3606        218          0         16        348       3632   c_w.l
        10          0          0          0          0        116   fz_wm.l

    ----------------------------------------------------------------------
      3630        218          0         16        352       3748   Library Totals

    ----------------------------------------------------------------------

==============================================================================


      Code (inc. data)   RO Data    RW Data    ZI Data      Debug   

     10534       1072        510        136       2104     697889   Grand Totals
     10534       1072        510        136       2104     697889   ELF Image Totals
     10534       1072        510        136          0          0   ROM Totals

==============================================================================

    Total RO  Size (Code + RO Data)                11044 (  10.79kB)
    Total RW  Size (RW Data + ZI Data)              2240 (   2.19kB)
    Total ROM Size (Code + RO Data + RW Data)      11180 (  10.92kB)

==============================================================================

